minecraft:axolotl, AXOLOTLS
minecraft:bat, AMBIENT
minecraft:bee, CREATURE
minecraft:blaze, MONSTER
minecraft:cat, CREATURE
minecraft:cave_spider, MONSTER
minecraft:chicken, CREATURE
minecraft:cod, WATER_AMBIENT
minecraft:cow, CREATURE
minecraft:creeper, MONSTER
minecraft:dolphin, WATER_CREATURE
minecraft:donkey, CREATURE
minecraft:drowned, MONSTER
minecraft:elder_guardian, MONSTER
minecraft:ender_dragon, MONSTER
minecraft:enderman, MONSTER
minecraft:endermite, MONSTER
minecraft:evoker, MONSTER
minecraft:fox, CREATURE
minecraft:ghast, MONSTER
minecraft:giant, MONSTER
minecraft:glow_squid, UNDERGROUND_WATER_CREATURE
minecraft:goat, CREATURE
minecraft:guardian, MONSTER
minecraft:hoglin, MONSTER
minecraft:horse, CREATURE
minecraft:husk, MONSTER
minecraft:illusioner, MONSTER
minecraft:llama, CREATURE
minecraft:magma_cube, MONSTER
minecraft:mule, CREATURE
minecraft:mooshroom, CREATURE
minecraft:ocelot, CREATURE
minecraft:panda, CREATURE
minecraft:parrot, CREATURE
minecraft:phantom, MONSTER
minecraft:pig, CREATURE
minecraft:piglin, MONSTER
minecraft:piglin_brute, MONSTER
minecraft:pillager, MONSTER
minecraft:polar_bear, CREATURE
minecraft:pufferfish, WATER_AMBIENT
minecraft:rabbit, CREATURE
minecraft:ravager, MONSTER
minecraft:salmon, WATER_AMBIENT
minecraft:sheep, CREATURE
minecraft:shulker, MONSTER
minecraft:silverfish, MONSTER
minecraft:skeleton, MONSTER
minecraft:skeleton_horse, CREATURE
minecraft:slime, MONSTER
minecraft:spider, MONSTER
minecraft:squid, WATER_CREATURE
minecraft:stray, MONSTER
minecraft:strider, CREATURE
minecraft:trader_llama, CREATURE
minecraft:tropical_fish, WATER_AMBIENT
minecraft:turtle, CREATURE
minecraft:vex, MONSTER
minecraft:vindicator, MONSTER
minecraft:wandering_trader, CREATURE
minecraft:witch, MONSTER
minecraft:wither, MONSTER
minecraft:wither_skeleton, MONSTER
minecraft:wolf, CREATURE
minecraft:zoglin, MONSTER
minecraft:zombie, MONSTER
minecraft:zombie_horse, CREATURE
minecraft:zombie_villager, MONSTER
minecraft:zombified_piglin, MONSTER
supplementaries:red_merchant, CREATURE
trapcraft:dummy, AMBIENT
tombstone:grave_guardian, CREATURE
graveyard:ghoul, MONSTER
graveyard:skeleton_creeper, MONSTER
graveyard:acolyte, MONSTER
graveyard:reaper, MONSTER
assemblylinemachines:corrupt_shell, MONSTER
restored_earth:muddy_pig, CREATURE
restored_earth:wooly_cow, CREATURE
restored_earth:jumbo_rabbit, CREATURE
restored_earth:fancy_chicken, CREATURE
restored_earth:rainbow_sheep, CREATURE
restored_earth:jolly_llama, CREATURE
restored_earth:viler_witch, MONSTER
restored_earth:tropical_slime, MONSTER
restored_earth:moobloom, CREATURE
restored_earth:bouldering_zombie, MONSTER
restored_earth:skeleton_wolf, MONSTER
restored_earth:bone_spider, MONSTER
restored_earth:moolip, CREATURE
restored_earth:cluckshroom, CREATURE
lava_monster:lava_monster, MONSTER
occultism:foliot, CREATURE
occultism:djinni, CREATURE
occultism:afrit, CREATURE
occultism:afrit_wild, CREATURE
occultism:marid, CREATURE
occultism:possessed_endermite, MONSTER
occultism:possessed_skeleton, MONSTER
occultism:possessed_enderman, MONSTER
occultism:possessed_ghast, MONSTER
occultism:wild_hunt_skeleton, MONSTER
occultism:wild_hunt_wither_skeleton, MONSTER
occultism:otherworld_bird, CREATURE
occultism:greedy_familiar, CREATURE
occultism:bat_familiar, CREATURE
occultism:deer_familiar, CREATURE
occultism:cthulhu_familiar, CREATURE
occultism:devil_familiar, CREATURE
occultism:dragon_familiar, CREATURE
occultism:blacksmith_familiar, CREATURE
occultism:guardian_familiar, CREATURE
occultism:headless_familiar, CREATURE
occultism:chimera_familiar, CREATURE
occultism:goat_familiar, CREATURE
occultism:shub_niggurath_familiar, CREATURE
occultism:beholder_familiar, CREATURE
occultism:fairy_familiar, CREATURE
occultism:mummy_familiar, CREATURE
occultism:shub_niggurath_spawn, CREATURE
instrumentalmobs:cymbal_husk, MONSTER
instrumentalmobs:drum_zombie, MONSTER
instrumentalmobs:french_horn_creeper, MONSTER
instrumentalmobs:maraca_spider, MONSTER
instrumentalmobs:microphone_ghast, MONSTER
instrumentalmobs:tuba_enderman, MONSTER
instrumentalmobs:xylophone_skeleton, MONSTER
doggytalents:dog, CREATURE
alexsmobs:grizzly_bear, CREATURE
alexsmobs:roadrunner, CREATURE
alexsmobs:bone_serpent, MONSTER
alexsmobs:bone_serpent_part, MONSTER
alexsmobs:gazelle, CREATURE
alexsmobs:crocodile, WATER_CREATURE
alexsmobs:fly, AMBIENT
alexsmobs:hummingbird, CREATURE
alexsmobs:orca, WATER_CREATURE
alexsmobs:sunbird, CREATURE
alexsmobs:gorilla, CREATURE
alexsmobs:crimson_mosquito, MONSTER
alexsmobs:rattlesnake, CREATURE
alexsmobs:endergrade, CREATURE
alexsmobs:hammerhead_shark, WATER_CREATURE
alexsmobs:lobster, WATER_AMBIENT
alexsmobs:komodo_dragon, CREATURE
alexsmobs:capuchin_monkey, CREATURE
alexsmobs:centipede_head, CREATURE
alexsmobs:centipede_body, CREATURE
alexsmobs:centipede_tail, CREATURE
alexsmobs:warped_toad, CREATURE
alexsmobs:moose, CREATURE
alexsmobs:mimicube, MONSTER
alexsmobs:raccoon, CREATURE
alexsmobs:blobfish, WATER_AMBIENT
alexsmobs:seal, CREATURE
alexsmobs:cockroach, AMBIENT
alexsmobs:shoebill, CREATURE
alexsmobs:elephant, CREATURE
alexsmobs:soul_vulture, MONSTER
alexsmobs:snow_leopard, CREATURE
alexsmobs:spectre, CREATURE
alexsmobs:crow, CREATURE
alexsmobs:alligator_snapping_turtle, CREATURE
alexsmobs:mungus, CREATURE
alexsmobs:mantis_shrimp, WATER_CREATURE
alexsmobs:guster, MONSTER
alexsmobs:warped_mosco, MONSTER
alexsmobs:straddler, MONSTER
alexsmobs:stradpole, WATER_AMBIENT
alexsmobs:emu, CREATURE
alexsmobs:platypus, CREATURE
alexsmobs:dropbear, MONSTER
alexsmobs:tasmanian_devil, CREATURE
alexsmobs:kangaroo, CREATURE
alexsmobs:cachalot_whale, WATER_CREATURE
alexsmobs:leafcutter_ant, CREATURE
alexsmobs:enderiophage, CREATURE
alexsmobs:bald_eagle, CREATURE
alexsmobs:tiger, CREATURE
alexsmobs:tarantula_hawk, CREATURE
alexsmobs:void_worm, MONSTER
alexsmobs:void_worm_part, MONSTER
alexsmobs:frilled_shark, WATER_CREATURE
alexsmobs:mimic_octopus, WATER_CREATURE
alexsmobs:seagull, CREATURE
alexsmobs:froststalker, CREATURE
alexsmobs:tusklin, CREATURE
alexsmobs:laviathan, CREATURE
alexsmobs:cosmaw, CREATURE
alexsmobs:toucan, CREATURE
alexsmobs:maned_wolf, CREATURE
alexsmobs:anaconda, CREATURE
alexsmobs:anaconda_part, CREATURE
alexsmobs:anteater, CREATURE
alexsmobs:rocky_roller, MONSTER
alexsmobs:flutter, AMBIENT
alexsmobs:gelada_monkey, CREATURE
progressivebosses:wither_minion, MONSTER
beyond_earth:alien, CREATURE
beyond_earth:alien_zombie, MONSTER
beyond_earth:star_crawler, MONSTER
beyond_earth:pygro, MONSTER
beyond_earth:mogler, MONSTER
beyond_earth:martian_raptor, MONSTER
ars_nouveau:starbuncle, CREATURE
ars_nouveau:whirlisprig, CREATURE
ars_nouveau:wilden_hunter, MONSTER
ars_nouveau:summon_wolf, CREATURE
ars_nouveau:wilden_stalker, MONSTER
ars_nouveau:summon_horse, CREATURE
ars_nouveau:wilden_guardian, MONSTER
ars_nouveau:drygmy, CREATURE
ars_nouveau:wilden_boss, MONSTER
ars_nouveau:familiar_starbuncle, CREATURE
ars_nouveau:familiar_bookwyrm, CREATURE
ars_nouveau:familiar_jabberwog, CREATURE
ars_nouveau:familiar_wixie, CREATURE
ars_nouveau:familiar_whirlisprig, CREATURE
ars_nouveau:familiar_drygmy, CREATURE
ars_nouveau:cascading_weald_walker, CREATURE
ars_nouveau:blazing_weald_walker, CREATURE
ars_nouveau:vexing_weald_walker, CREATURE
ars_nouveau:flourishing_weald_walker, CREATURE
productivebees:dye_bee, CREATURE
productivebees:lumber_bee, CREATURE
productivebees:quarry_bee, CREATURE
productivebees:rancher_bee, CREATURE
productivebees:collector_bee, CREATURE
productivebees:hoarder_bee, CREATURE
productivebees:farmer_bee, CREATURE
productivebees:creeper_bee, CREATURE
productivebees:cupid_bee, CREATURE
productivebees:configurable_bee, CREATURE
productivebees:ashy_mining_bee, CREATURE
productivebees:blue_banded_bee, CREATURE
productivebees:green_carpenter_bee, CREATURE
productivebees:yellow_black_carpenter_bee, CREATURE
productivebees:chocolate_mining_bee, CREATURE
productivebees:digger_bee, CREATURE
productivebees:leafcutter_bee, CREATURE
productivebees:mason_bee, CREATURE
productivebees:neon_cuckoo_bee, CREATURE
productivebees:nomad_bee, CREATURE
productivebees:reed_bee, CREATURE
productivebees:resin_bee, CREATURE
productivebees:sweat_bee, CREATURE
productivebees:bumble_bee, CREATURE
voidscape:corrupted_pawn_phantom, MONSTER
voidscape:corrupted_pawn_boss, MONSTER
voidscape:null_servant, MONSTER
enchantwithmob:enchanter, MONSTER
armorplus:skeletal_king, MONSTER
armorplus:witherling, MONSTER
doom:imp, MONSTER
doom:nightmare_imp, MONSTER
doom:pinky, MONSTER
doom:spectre, MONSTER
doom:cacodemon, MONSTER
doom:archvile, MONSTER
doom:baron, MONSTER
doom:mancubus, MONSTER
doom:spidermastermind, MONSTER
doom:arachnotron, MONSTER
doom:zombieman, MONSTER
doom:revenant, MONSTER
doom:imp2016, MONSTER
doom:stone_imp, MONSTER
doom:chaingunner, MONSTER
doom:marauder, MONSTER
doom:shotgunguy, MONSTER
doom:painelemental, MONSTER
doom:hellknight, MONSTER
doom:hellknight2016, MONSTER
doom:dreadknight, MONSTER
doom:cyberdemon, MONSTER
doom:cyberdemon2016, MONSTER
doom:tyrant, MONSTER
doom:unwilling, MONSTER
doom:possessed_soldier, MONSTER
doom:gore_nest, MONSTER
doom:possessed_scientist, MONSTER
doom:possessed_worker, MONSTER
doom:cueball, MONSTER
doom:mechazombie, MONSTER
doom:prowler, MONSTER
doom:iconofsin, MONSTER
doom:gargoyle, MONSTER
doom:arachnotroneternal, MONSTER
doom:pinky2016, MONSTER
doom:archvileeternal, MONSTER
doom:doom_hunter, MONSTER
doom:whiplash, MONSTER
doom:baron2016, MONSTER
doom:firebronebaron, MONSTER
doom:armoredbaron, MONSTER
doom:maykr_drone, MONSTER
doom:spidermastermind2016, MONSTER
doom:blood_maykr, MONSTER
doom:motherdemon, MONSTER
doom:tentacle, MONSTER
doom:turret, MONSTER
doom:arch_maykr, MONSTER
doom:summoner, MONSTER
doom:revenant2016, MONSTER
doom:gladiator, MONSTER
mahoutsukai:fae, CREATURE
meetyourfight:bellringer, MONSTER
meetyourfight:dame_fortuna, MONSTER
meetyourfight:swampjaw, MONSTER
chococraft:chocobo, CREATURE
aquaculture:box_turtle, CREATURE
aquaculture:arrau_turtle, CREATURE
aquaculture:starshell_turtle, CREATURE
aquaculture:atlantic_cod, WATER_AMBIENT
aquaculture:blackfish, WATER_AMBIENT
aquaculture:pacific_halibut, WATER_AMBIENT
aquaculture:atlantic_halibut, WATER_AMBIENT
aquaculture:atlantic_herring, WATER_AMBIENT
aquaculture:pink_salmon, WATER_AMBIENT
aquaculture:pollock, WATER_AMBIENT
aquaculture:rainbow_trout, WATER_AMBIENT
aquaculture:bayad, WATER_AMBIENT
aquaculture:boulti, WATER_AMBIENT
aquaculture:capitaine, WATER_AMBIENT
aquaculture:synodontis, WATER_AMBIENT
aquaculture:smallmouth_bass, WATER_AMBIENT
aquaculture:bluegill, WATER_AMBIENT
aquaculture:brown_trout, WATER_AMBIENT
aquaculture:carp, WATER_AMBIENT
aquaculture:catfish, WATER_AMBIENT
aquaculture:gar, WATER_AMBIENT
aquaculture:minnow, WATER_AMBIENT
aquaculture:muskellunge, WATER_AMBIENT
aquaculture:perch, WATER_AMBIENT
aquaculture:arapaima, WATER_AMBIENT
aquaculture:piranha, WATER_AMBIENT
aquaculture:tambaqui, WATER_AMBIENT
aquaculture:brown_shrooma, WATER_AMBIENT
aquaculture:red_shrooma, WATER_AMBIENT
aquaculture:jellyfish, WATER_AMBIENT
aquaculture:red_grouper, WATER_AMBIENT
aquaculture:tuna, WATER_AMBIENT
waddles:adelie_penguin, CREATURE
quark:frog, CREATURE
quark:stoneling, CREATURE
quark:shiba, CREATURE
quark:foxhound, CREATURE
quark:crab, CREATURE
quark:forgotten, MONSTER
quark:wraith, MONSTER
quark:toretoise, CREATURE
minecolonies:citizen, CREATURE
minecolonies:visitor, CREATURE
minecolonies:pirate, MONSTER
minecolonies:archerpirate, MONSTER
minecolonies:chiefpirate, MONSTER
minecolonies:mercenary, CREATURE
minecolonies:archerbarbarian, MONSTER
minecolonies:barbarian, MONSTER
minecolonies:chiefbarbarian, MONSTER
minecolonies:mummy, MONSTER
minecolonies:archermummy, MONSTER
minecolonies:pharao, MONSTER
minecolonies:amazon, MONSTER
minecolonies:amazonchief, MONSTER
minecolonies:shieldmaiden, MONSTER
minecolonies:norsemenarcher, MONSTER
minecolonies:norsemenchief, MONSTER
hunterillager:hunterillager, MONSTER
valhelsia_structures:mossy_skeleton, MONSTER
minecraft:axolotl, AXOLOTLS
minecraft:bat, AMBIENT
minecraft:bee, CREATURE
minecraft:blaze, MONSTER
minecraft:cat, CREATURE
minecraft:cave_spider, MONSTER
minecraft:chicken, CREATURE
minecraft:cod, WATER_AMBIENT
minecraft:cow, CREATURE
minecraft:creeper, MONSTER
minecraft:dolphin, WATER_CREATURE
minecraft:donkey, CREATURE
minecraft:drowned, MONSTER
minecraft:elder_guardian, MONSTER
minecraft:ender_dragon, MONSTER
minecraft:enderman, MONSTER
minecraft:endermite, MONSTER
minecraft:evoker, MONSTER
minecraft:fox, CREATURE
minecraft:ghast, MONSTER
minecraft:giant, MONSTER
minecraft:glow_squid, UNDERGROUND_WATER_CREATURE
minecraft:goat, CREATURE
minecraft:guardian, MONSTER
minecraft:hoglin, MONSTER
minecraft:horse, CREATURE
minecraft:husk, MONSTER
minecraft:illusioner, MONSTER
minecraft:llama, CREATURE
minecraft:magma_cube, MONSTER
minecraft:mule, CREATURE
minecraft:mooshroom, CREATURE
minecraft:ocelot, CREATURE
minecraft:panda, CREATURE
minecraft:parrot, CREATURE
minecraft:phantom, MONSTER
minecraft:pig, CREATURE
minecraft:piglin, MONSTER
minecraft:piglin_brute, MONSTER
minecraft:pillager, MONSTER
minecraft:polar_bear, CREATURE
minecraft:pufferfish, WATER_AMBIENT
minecraft:rabbit, CREATURE
minecraft:ravager, MONSTER
minecraft:salmon, WATER_AMBIENT
minecraft:sheep, CREATURE
minecraft:shulker, MONSTER
minecraft:silverfish, MONSTER
minecraft:skeleton, MONSTER
minecraft:skeleton_horse, CREATURE
minecraft:slime, MONSTER
minecraft:spider, MONSTER
minecraft:squid, WATER_CREATURE
minecraft:stray, MONSTER
minecraft:strider, CREATURE
minecraft:trader_llama, CREATURE
minecraft:tropical_fish, WATER_AMBIENT
minecraft:turtle, CREATURE
minecraft:vex, MONSTER
minecraft:vindicator, MONSTER
minecraft:wandering_trader, CREATURE
minecraft:witch, MONSTER
minecraft:wither, MONSTER
minecraft:wither_skeleton, MONSTER
minecraft:wolf, CREATURE
minecraft:zoglin, MONSTER
minecraft:zombie, MONSTER
minecraft:zombie_horse, CREATURE
minecraft:zombie_villager, MONSTER
minecraft:zombified_piglin, MONSTER
supplementaries:red_merchant, CREATURE
trapcraft:dummy, AMBIENT
tombstone:grave_guardian, CREATURE
graveyard:acolyte, MONSTER
graveyard:reaper, MONSTER
graveyard:skeleton_creeper, MONSTER
graveyard:ghoul, MONSTER
assemblylinemachines:corrupt_shell, MONSTER
restored_earth:muddy_pig, CREATURE
restored_earth:wooly_cow, CREATURE
restored_earth:jumbo_rabbit, CREATURE
restored_earth:fancy_chicken, CREATURE
restored_earth:rainbow_sheep, CREATURE
restored_earth:jolly_llama, CREATURE
restored_earth:viler_witch, MONSTER
restored_earth:tropical_slime, MONSTER
restored_earth:moobloom, CREATURE
restored_earth:bouldering_zombie, MONSTER
restored_earth:skeleton_wolf, MONSTER
restored_earth:bone_spider, MONSTER
restored_earth:moolip, CREATURE
restored_earth:cluckshroom, CREATURE
lava_monster:lava_monster, MONSTER
occultism:foliot, CREATURE
occultism:djinni, CREATURE
occultism:afrit, CREATURE
occultism:afrit_wild, CREATURE
occultism:marid, CREATURE
occultism:possessed_endermite, MONSTER
occultism:possessed_skeleton, MONSTER
occultism:possessed_enderman, MONSTER
occultism:possessed_ghast, MONSTER
occultism:wild_hunt_skeleton, MONSTER
occultism:wild_hunt_wither_skeleton, MONSTER
occultism:otherworld_bird, CREATURE
occultism:greedy_familiar, CREATURE
occultism:bat_familiar, CREATURE
occultism:deer_familiar, CREATURE
occultism:cthulhu_familiar, CREATURE
occultism:devil_familiar, CREATURE
occultism:dragon_familiar, CREATURE
occultism:blacksmith_familiar, CREATURE
occultism:guardian_familiar, CREATURE
occultism:headless_familiar, CREATURE
occultism:chimera_familiar, CREATURE
occultism:goat_familiar, CREATURE
occultism:shub_niggurath_familiar, CREATURE
occultism:beholder_familiar, CREATURE
occultism:fairy_familiar, CREATURE
occultism:mummy_familiar, CREATURE
occultism:shub_niggurath_spawn, CREATURE
instrumentalmobs:cymbal_husk, MONSTER
instrumentalmobs:drum_zombie, MONSTER
instrumentalmobs:french_horn_creeper, MONSTER
instrumentalmobs:maraca_spider, MONSTER
instrumentalmobs:microphone_ghast, MONSTER
instrumentalmobs:tuba_enderman, MONSTER
instrumentalmobs:xylophone_skeleton, MONSTER
doggytalents:dog, CREATURE
alexsmobs:grizzly_bear, CREATURE
alexsmobs:roadrunner, CREATURE
alexsmobs:bone_serpent, MONSTER
alexsmobs:bone_serpent_part, MONSTER
alexsmobs:gazelle, CREATURE
alexsmobs:crocodile, WATER_CREATURE
alexsmobs:fly, AMBIENT
alexsmobs:hummingbird, CREATURE
alexsmobs:orca, WATER_CREATURE
alexsmobs:sunbird, CREATURE
alexsmobs:gorilla, CREATURE
alexsmobs:crimson_mosquito, MONSTER
alexsmobs:rattlesnake, CREATURE
alexsmobs:endergrade, CREATURE
alexsmobs:hammerhead_shark, WATER_CREATURE
alexsmobs:lobster, WATER_AMBIENT
alexsmobs:komodo_dragon, CREATURE
alexsmobs:capuchin_monkey, CREATURE
alexsmobs:centipede_head, CREATURE
alexsmobs:centipede_body, CREATURE
alexsmobs:centipede_tail, CREATURE
alexsmobs:warped_toad, CREATURE
alexsmobs:moose, CREATURE
alexsmobs:mimicube, MONSTER
alexsmobs:raccoon, CREATURE
alexsmobs:blobfish, WATER_AMBIENT
alexsmobs:seal, CREATURE
alexsmobs:cockroach, AMBIENT
alexsmobs:shoebill, CREATURE
alexsmobs:elephant, CREATURE
alexsmobs:soul_vulture, MONSTER
alexsmobs:snow_leopard, CREATURE
alexsmobs:spectre, CREATURE
alexsmobs:crow, CREATURE
alexsmobs:alligator_snapping_turtle, CREATURE
alexsmobs:mungus, CREATURE
alexsmobs:mantis_shrimp, WATER_CREATURE
alexsmobs:guster, MONSTER
alexsmobs:warped_mosco, MONSTER
alexsmobs:straddler, MONSTER
alexsmobs:stradpole, WATER_AMBIENT
alexsmobs:emu, CREATURE
alexsmobs:platypus, CREATURE
alexsmobs:dropbear, MONSTER
alexsmobs:tasmanian_devil, CREATURE
alexsmobs:kangaroo, CREATURE
alexsmobs:cachalot_whale, WATER_CREATURE
alexsmobs:leafcutter_ant, CREATURE
alexsmobs:enderiophage, CREATURE
alexsmobs:bald_eagle, CREATURE
alexsmobs:tiger, CREATURE
alexsmobs:tarantula_hawk, CREATURE
alexsmobs:void_worm, MONSTER
alexsmobs:void_worm_part, MONSTER
alexsmobs:frilled_shark, WATER_CREATURE
alexsmobs:mimic_octopus, WATER_CREATURE
alexsmobs:seagull, CREATURE
alexsmobs:froststalker, CREATURE
alexsmobs:tusklin, CREATURE
alexsmobs:laviathan, CREATURE
alexsmobs:cosmaw, CREATURE
alexsmobs:toucan, CREATURE
alexsmobs:maned_wolf, CREATURE
alexsmobs:anaconda, CREATURE
alexsmobs:anaconda_part, CREATURE
alexsmobs:anteater, CREATURE
alexsmobs:rocky_roller, MONSTER
alexsmobs:flutter, AMBIENT
alexsmobs:gelada_monkey, CREATURE
progressivebosses:wither_minion, MONSTER
beyond_earth:alien, CREATURE
beyond_earth:alien_zombie, MONSTER
beyond_earth:star_crawler, MONSTER
beyond_earth:pygro, MONSTER
beyond_earth:mogler, MONSTER
beyond_earth:martian_raptor, MONSTER
ars_nouveau:starbuncle, CREATURE
ars_nouveau:whirlisprig, CREATURE
ars_nouveau:wilden_hunter, MONSTER
ars_nouveau:summon_wolf, CREATURE
ars_nouveau:wilden_stalker, MONSTER
ars_nouveau:summon_horse, CREATURE
ars_nouveau:wilden_guardian, MONSTER
ars_nouveau:drygmy, CREATURE
ars_nouveau:wilden_boss, MONSTER
ars_nouveau:familiar_starbuncle, CREATURE
ars_nouveau:familiar_bookwyrm, CREATURE
ars_nouveau:familiar_jabberwog, CREATURE
ars_nouveau:familiar_wixie, CREATURE
ars_nouveau:familiar_whirlisprig, CREATURE
ars_nouveau:familiar_drygmy, CREATURE
ars_nouveau:cascading_weald_walker, CREATURE
ars_nouveau:blazing_weald_walker, CREATURE
ars_nouveau:vexing_weald_walker, CREATURE
ars_nouveau:flourishing_weald_walker, CREATURE
productivebees:dye_bee, CREATURE
productivebees:lumber_bee, CREATURE
productivebees:quarry_bee, CREATURE
productivebees:rancher_bee, CREATURE
productivebees:collector_bee, CREATURE
productivebees:hoarder_bee, CREATURE
productivebees:farmer_bee, CREATURE
productivebees:creeper_bee, CREATURE
productivebees:cupid_bee, CREATURE
productivebees:configurable_bee, CREATURE
productivebees:ashy_mining_bee, CREATURE
productivebees:blue_banded_bee, CREATURE
productivebees:green_carpenter_bee, CREATURE
productivebees:yellow_black_carpenter_bee, CREATURE
productivebees:chocolate_mining_bee, CREATURE
productivebees:digger_bee, CREATURE
productivebees:leafcutter_bee, CREATURE
productivebees:mason_bee, CREATURE
productivebees:neon_cuckoo_bee, CREATURE
productivebees:nomad_bee, CREATURE
productivebees:reed_bee, CREATURE
productivebees:resin_bee, CREATURE
productivebees:sweat_bee, CREATURE
productivebees:bumble_bee, CREATURE
voidscape:corrupted_pawn_phantom, MONSTER
voidscape:corrupted_pawn_boss, MONSTER
voidscape:null_servant, MONSTER
enchantwithmob:enchanter, MONSTER
armorplus:skeletal_king, MONSTER
armorplus:witherling, MONSTER
doom:imp, MONSTER
doom:nightmare_imp, MONSTER
doom:pinky, MONSTER
doom:spectre, MONSTER
doom:cacodemon, MONSTER
doom:archvile, MONSTER
doom:baron, MONSTER
doom:mancubus, MONSTER
doom:spidermastermind, MONSTER
doom:arachnotron, MONSTER
doom:zombieman, MONSTER
doom:revenant, MONSTER
doom:imp2016, MONSTER
doom:stone_imp, MONSTER
doom:chaingunner, MONSTER
doom:marauder, MONSTER
doom:shotgunguy, MONSTER
doom:painelemental, MONSTER
doom:hellknight, MONSTER
doom:hellknight2016, MONSTER
doom:dreadknight, MONSTER
doom:cyberdemon, MONSTER
doom:cyberdemon2016, MONSTER
doom:tyrant, MONSTER
doom:unwilling, MONSTER
doom:possessed_soldier, MONSTER
doom:gore_nest, MONSTER
doom:possessed_scientist, MONSTER
doom:possessed_worker, MONSTER
doom:cueball, MONSTER
doom:mechazombie, MONSTER
doom:prowler, MONSTER
doom:iconofsin, MONSTER
doom:gargoyle, MONSTER
doom:arachnotroneternal, MONSTER
doom:pinky2016, MONSTER
doom:archvileeternal, MONSTER
doom:doom_hunter, MONSTER
doom:whiplash, MONSTER
doom:baron2016, MONSTER
doom:firebronebaron, MONSTER
doom:armoredbaron, MONSTER
doom:maykr_drone, MONSTER
doom:spidermastermind2016, MONSTER
doom:blood_maykr, MONSTER
doom:motherdemon, MONSTER
doom:tentacle, MONSTER
doom:turret, MONSTER
doom:arch_maykr, MONSTER
doom:summoner, MONSTER
doom:revenant2016, MONSTER
doom:gladiator, MONSTER
mahoutsukai:fae, CREATURE
meetyourfight:bellringer, MONSTER
meetyourfight:dame_fortuna, MONSTER
meetyourfight:swampjaw, MONSTER
chococraft:chocobo, CREATURE
aquaculture:box_turtle, CREATURE
aquaculture:arrau_turtle, CREATURE
aquaculture:starshell_turtle, CREATURE
aquaculture:atlantic_cod, WATER_AMBIENT
aquaculture:blackfish, WATER_AMBIENT
aquaculture:pacific_halibut, WATER_AMBIENT
aquaculture:atlantic_halibut, WATER_AMBIENT
aquaculture:atlantic_herring, WATER_AMBIENT
aquaculture:pink_salmon, WATER_AMBIENT
aquaculture:pollock, WATER_AMBIENT
aquaculture:rainbow_trout, WATER_AMBIENT
aquaculture:bayad, WATER_AMBIENT
aquaculture:boulti, WATER_AMBIENT
aquaculture:capitaine, WATER_AMBIENT
aquaculture:synodontis, WATER_AMBIENT
aquaculture:smallmouth_bass, WATER_AMBIENT
aquaculture:bluegill, WATER_AMBIENT
aquaculture:brown_trout, WATER_AMBIENT
aquaculture:carp, WATER_AMBIENT
aquaculture:catfish, WATER_AMBIENT
aquaculture:gar, WATER_AMBIENT
aquaculture:minnow, WATER_AMBIENT
aquaculture:muskellunge, WATER_AMBIENT
aquaculture:perch, WATER_AMBIENT
aquaculture:arapaima, WATER_AMBIENT
aquaculture:piranha, WATER_AMBIENT
aquaculture:tambaqui, WATER_AMBIENT
aquaculture:brown_shrooma, WATER_AMBIENT
aquaculture:red_shrooma, WATER_AMBIENT
aquaculture:jellyfish, WATER_AMBIENT
aquaculture:red_grouper, WATER_AMBIENT
aquaculture:tuna, WATER_AMBIENT
waddles:adelie_penguin, CREATURE
quark:wraith, MONSTER
quark:forgotten, MONSTER
quark:stoneling, CREATURE
quark:crab, CREATURE
quark:shiba, CREATURE
quark:foxhound, CREATURE
quark:toretoise, CREATURE
quark:frog, CREATURE
minecolonies:citizen, CREATURE
minecolonies:visitor, CREATURE
minecolonies:pirate, MONSTER
minecolonies:archerpirate, MONSTER
minecolonies:chiefpirate, MONSTER
minecolonies:mercenary, CREATURE
minecolonies:archerbarbarian, MONSTER
minecolonies:barbarian, MONSTER
minecolonies:chiefbarbarian, MONSTER
minecolonies:mummy, MONSTER
minecolonies:archermummy, MONSTER
minecolonies:pharao, MONSTER
minecolonies:amazon, MONSTER
minecolonies:amazonchief, MONSTER
minecolonies:shieldmaiden, MONSTER
minecolonies:norsemenarcher, MONSTER
minecolonies:norsemenchief, MONSTER
hunterillager:hunterillager, MONSTER
valhelsia_structures:mossy_skeleton, MONSTER
minecraft:axolotl, AXOLOTLS
minecraft:bat, AMBIENT
minecraft:bee, CREATURE
minecraft:blaze, MONSTER
minecraft:cat, CREATURE
minecraft:cave_spider, MONSTER
minecraft:chicken, CREATURE
minecraft:cod, WATER_AMBIENT
minecraft:cow, CREATURE
minecraft:creeper, MONSTER
minecraft:dolphin, WATER_CREATURE
minecraft:donkey, CREATURE
minecraft:drowned, MONSTER
minecraft:elder_guardian, MONSTER
minecraft:ender_dragon, MONSTER
minecraft:enderman, MONSTER
minecraft:endermite, MONSTER
minecraft:evoker, MONSTER
minecraft:fox, CREATURE
minecraft:ghast, MONSTER
minecraft:giant, MONSTER
minecraft:glow_squid, UNDERGROUND_WATER_CREATURE
minecraft:goat, CREATURE
minecraft:guardian, MONSTER
minecraft:hoglin, MONSTER
minecraft:horse, CREATURE
minecraft:husk, MONSTER
minecraft:illusioner, MONSTER
minecraft:llama, CREATURE
minecraft:magma_cube, MONSTER
minecraft:mule, CREATURE
minecraft:mooshroom, CREATURE
minecraft:ocelot, CREATURE
minecraft:panda, CREATURE
minecraft:parrot, CREATURE
minecraft:phantom, MONSTER
minecraft:pig, CREATURE
minecraft:piglin, MONSTER
minecraft:piglin_brute, MONSTER
minecraft:pillager, MONSTER
minecraft:polar_bear, CREATURE
minecraft:pufferfish, WATER_AMBIENT
minecraft:rabbit, CREATURE
minecraft:ravager, MONSTER
minecraft:salmon, WATER_AMBIENT
minecraft:sheep, CREATURE
minecraft:shulker, MONSTER
minecraft:silverfish, MONSTER
minecraft:skeleton, MONSTER
minecraft:skeleton_horse, CREATURE
minecraft:slime, MONSTER
minecraft:spider, MONSTER
minecraft:squid, WATER_CREATURE
minecraft:stray, MONSTER
minecraft:strider, CREATURE
minecraft:trader_llama, CREATURE
minecraft:tropical_fish, WATER_AMBIENT
minecraft:turtle, CREATURE
minecraft:vex, MONSTER
minecraft:vindicator, MONSTER
minecraft:wandering_trader, CREATURE
minecraft:witch, MONSTER
minecraft:wither, MONSTER
minecraft:wither_skeleton, MONSTER
minecraft:wolf, CREATURE
minecraft:zoglin, MONSTER
minecraft:zombie, MONSTER
minecraft:zombie_horse, CREATURE
minecraft:zombie_villager, MONSTER
minecraft:zombified_piglin, MONSTER
supplementaries:red_merchant, CREATURE
trapcraft:dummy, AMBIENT
tombstone:grave_guardian, CREATURE
graveyard:skeleton_creeper, MONSTER
graveyard:ghoul, MONSTER
graveyard:reaper, MONSTER
graveyard:acolyte, MONSTER
assemblylinemachines:corrupt_shell, MONSTER
restored_earth:muddy_pig, CREATURE
restored_earth:wooly_cow, CREATURE
restored_earth:jumbo_rabbit, CREATURE
restored_earth:fancy_chicken, CREATURE
restored_earth:rainbow_sheep, CREATURE
restored_earth:jolly_llama, CREATURE
restored_earth:viler_witch, MONSTER
restored_earth:tropical_slime, MONSTER
restored_earth:moobloom, CREATURE
restored_earth:bouldering_zombie, MONSTER
restored_earth:skeleton_wolf, MONSTER
restored_earth:bone_spider, MONSTER
restored_earth:moolip, CREATURE
restored_earth:cluckshroom, CREATURE
lava_monster:lava_monster, MONSTER
occultism:foliot, CREATURE
occultism:djinni, CREATURE
occultism:afrit, CREATURE
occultism:afrit_wild, CREATURE
occultism:marid, CREATURE
occultism:possessed_endermite, MONSTER
occultism:possessed_skeleton, MONSTER
occultism:possessed_enderman, MONSTER
occultism:possessed_ghast, MONSTER
occultism:wild_hunt_skeleton, MONSTER
occultism:wild_hunt_wither_skeleton, MONSTER
occultism:otherworld_bird, CREATURE
occultism:greedy_familiar, CREATURE
occultism:bat_familiar, CREATURE
occultism:deer_familiar, CREATURE
occultism:cthulhu_familiar, CREATURE
occultism:devil_familiar, CREATURE
occultism:dragon_familiar, CREATURE
occultism:blacksmith_familiar, CREATURE
occultism:guardian_familiar, CREATURE
occultism:headless_familiar, CREATURE
occultism:chimera_familiar, CREATURE
occultism:goat_familiar, CREATURE
occultism:shub_niggurath_familiar, CREATURE
occultism:beholder_familiar, CREATURE
occultism:fairy_familiar, CREATURE
occultism:mummy_familiar, CREATURE
occultism:shub_niggurath_spawn, CREATURE
instrumentalmobs:cymbal_husk, MONSTER
instrumentalmobs:drum_zombie, MONSTER
instrumentalmobs:french_horn_creeper, MONSTER
instrumentalmobs:maraca_spider, MONSTER
instrumentalmobs:microphone_ghast, MONSTER
instrumentalmobs:tuba_enderman, MONSTER
instrumentalmobs:xylophone_skeleton, MONSTER
doggytalents:dog, CREATURE
alexsmobs:grizzly_bear, CREATURE
alexsmobs:roadrunner, CREATURE
alexsmobs:bone_serpent, MONSTER
alexsmobs:bone_serpent_part, MONSTER
alexsmobs:gazelle, CREATURE
alexsmobs:crocodile, WATER_CREATURE
alexsmobs:fly, AMBIENT
alexsmobs:hummingbird, CREATURE
alexsmobs:orca, WATER_CREATURE
alexsmobs:sunbird, CREATURE
alexsmobs:gorilla, CREATURE
alexsmobs:crimson_mosquito, MONSTER
alexsmobs:rattlesnake, CREATURE
alexsmobs:endergrade, CREATURE
alexsmobs:hammerhead_shark, WATER_CREATURE
alexsmobs:lobster, WATER_AMBIENT
alexsmobs:komodo_dragon, CREATURE
alexsmobs:capuchin_monkey, CREATURE
alexsmobs:centipede_head, CREATURE
alexsmobs:centipede_body, CREATURE
alexsmobs:centipede_tail, CREATURE
alexsmobs:warped_toad, CREATURE
alexsmobs:moose, CREATURE
alexsmobs:mimicube, MONSTER
alexsmobs:raccoon, CREATURE
alexsmobs:blobfish, WATER_AMBIENT
alexsmobs:seal, CREATURE
alexsmobs:cockroach, AMBIENT
alexsmobs:shoebill, CREATURE
alexsmobs:elephant, CREATURE
alexsmobs:soul_vulture, MONSTER
alexsmobs:snow_leopard, CREATURE
alexsmobs:spectre, CREATURE
alexsmobs:crow, CREATURE
alexsmobs:alligator_snapping_turtle, CREATURE
alexsmobs:mungus, CREATURE
alexsmobs:mantis_shrimp, WATER_CREATURE
alexsmobs:guster, MONSTER
alexsmobs:warped_mosco, MONSTER
alexsmobs:straddler, MONSTER
alexsmobs:stradpole, WATER_AMBIENT
alexsmobs:emu, CREATURE
alexsmobs:platypus, CREATURE
alexsmobs:dropbear, MONSTER
alexsmobs:tasmanian_devil, CREATURE
alexsmobs:kangaroo, CREATURE
alexsmobs:cachalot_whale, WATER_CREATURE
alexsmobs:leafcutter_ant, CREATURE
alexsmobs:enderiophage, CREATURE
alexsmobs:bald_eagle, CREATURE
alexsmobs:tiger, CREATURE
alexsmobs:tarantula_hawk, CREATURE
alexsmobs:void_worm, MONSTER
alexsmobs:void_worm_part, MONSTER
alexsmobs:frilled_shark, WATER_CREATURE
alexsmobs:mimic_octopus, WATER_CREATURE
alexsmobs:seagull, CREATURE
alexsmobs:froststalker, CREATURE
alexsmobs:tusklin, CREATURE
alexsmobs:laviathan, CREATURE
alexsmobs:cosmaw, CREATURE
alexsmobs:toucan, CREATURE
alexsmobs:maned_wolf, CREATURE
alexsmobs:anaconda, CREATURE
alexsmobs:anaconda_part, CREATURE
alexsmobs:anteater, CREATURE
alexsmobs:rocky_roller, MONSTER
alexsmobs:flutter, AMBIENT
alexsmobs:gelada_monkey, CREATURE
progressivebosses:wither_minion, MONSTER
beyond_earth:alien, CREATURE
beyond_earth:alien_zombie, MONSTER
beyond_earth:star_crawler, MONSTER
beyond_earth:pygro, MONSTER
beyond_earth:mogler, MONSTER
beyond_earth:martian_raptor, MONSTER
ars_nouveau:starbuncle, CREATURE
ars_nouveau:whirlisprig, CREATURE
ars_nouveau:wilden_hunter, MONSTER
ars_nouveau:summon_wolf, CREATURE
ars_nouveau:wilden_stalker, MONSTER
ars_nouveau:summon_horse, CREATURE
ars_nouveau:wilden_guardian, MONSTER
ars_nouveau:drygmy, CREATURE
ars_nouveau:wilden_boss, MONSTER
ars_nouveau:familiar_starbuncle, CREATURE
ars_nouveau:familiar_bookwyrm, CREATURE
ars_nouveau:familiar_jabberwog, CREATURE
ars_nouveau:familiar_wixie, CREATURE
ars_nouveau:familiar_whirlisprig, CREATURE
ars_nouveau:familiar_drygmy, CREATURE
ars_nouveau:cascading_weald_walker, CREATURE
ars_nouveau:blazing_weald_walker, CREATURE
ars_nouveau:vexing_weald_walker, CREATURE
ars_nouveau:flourishing_weald_walker, CREATURE
productivebees:dye_bee, CREATURE
productivebees:lumber_bee, CREATURE
productivebees:quarry_bee, CREATURE
productivebees:rancher_bee, CREATURE
productivebees:collector_bee, CREATURE
productivebees:hoarder_bee, CREATURE
productivebees:farmer_bee, CREATURE
productivebees:creeper_bee, CREATURE
productivebees:cupid_bee, CREATURE
productivebees:configurable_bee, CREATURE
productivebees:ashy_mining_bee, CREATURE
productivebees:blue_banded_bee, CREATURE
productivebees:green_carpenter_bee, CREATURE
productivebees:yellow_black_carpenter_bee, CREATURE
productivebees:chocolate_mining_bee, CREATURE
productivebees:digger_bee, CREATURE
productivebees:leafcutter_bee, CREATURE
productivebees:mason_bee, CREATURE
productivebees:neon_cuckoo_bee, CREATURE
productivebees:nomad_bee, CREATURE
productivebees:reed_bee, CREATURE
productivebees:resin_bee, CREATURE
productivebees:sweat_bee, CREATURE
productivebees:bumble_bee, CREATURE
voidscape:corrupted_pawn_phantom, MONSTER
voidscape:corrupted_pawn_boss, MONSTER
voidscape:null_servant, MONSTER
enchantwithmob:enchanter, MONSTER
armorplus:skeletal_king, MONSTER
armorplus:witherling, MONSTER
doom:imp, MONSTER
doom:nightmare_imp, MONSTER
doom:pinky, MONSTER
doom:spectre, MONSTER
doom:cacodemon, MONSTER
doom:archvile, MONSTER
doom:baron, MONSTER
doom:mancubus, MONSTER
doom:spidermastermind, MONSTER
doom:arachnotron, MONSTER
doom:zombieman, MONSTER
doom:revenant, MONSTER
doom:imp2016, MONSTER
doom:stone_imp, MONSTER
doom:chaingunner, MONSTER
doom:marauder, MONSTER
doom:shotgunguy, MONSTER
doom:painelemental, MONSTER
doom:hellknight, MONSTER
doom:hellknight2016, MONSTER
doom:dreadknight, MONSTER
doom:cyberdemon, MONSTER
doom:cyberdemon2016, MONSTER
doom:tyrant, MONSTER
doom:unwilling, MONSTER
doom:possessed_soldier, MONSTER
doom:gore_nest, MONSTER
doom:possessed_scientist, MONSTER
doom:possessed_worker, MONSTER
doom:cueball, MONSTER
doom:mechazombie, MONSTER
doom:prowler, MONSTER
doom:iconofsin, MONSTER
doom:gargoyle, MONSTER
doom:arachnotroneternal, MONSTER
doom:pinky2016, MONSTER
doom:archvileeternal, MONSTER
doom:doom_hunter, MONSTER
doom:whiplash, MONSTER
doom:baron2016, MONSTER
doom:firebronebaron, MONSTER
doom:armoredbaron, MONSTER
doom:maykr_drone, MONSTER
doom:spidermastermind2016, MONSTER
doom:blood_maykr, MONSTER
doom:motherdemon, MONSTER
doom:tentacle, MONSTER
doom:turret, MONSTER
doom:arch_maykr, MONSTER
doom:summoner, MONSTER
doom:revenant2016, MONSTER
doom:gladiator, MONSTER
mahoutsukai:fae, CREATURE
meetyourfight:bellringer, MONSTER
meetyourfight:dame_fortuna, MONSTER
meetyourfight:swampjaw, MONSTER
chococraft:chocobo, CREATURE
aquaculture:box_turtle, CREATURE
aquaculture:arrau_turtle, CREATURE
aquaculture:starshell_turtle, CREATURE
aquaculture:atlantic_cod, WATER_AMBIENT
aquaculture:blackfish, WATER_AMBIENT
aquaculture:pacific_halibut, WATER_AMBIENT
aquaculture:atlantic_halibut, WATER_AMBIENT
aquaculture:atlantic_herring, WATER_AMBIENT
aquaculture:pink_salmon, WATER_AMBIENT
aquaculture:pollock, WATER_AMBIENT
aquaculture:rainbow_trout, WATER_AMBIENT
aquaculture:bayad, WATER_AMBIENT
aquaculture:boulti, WATER_AMBIENT
aquaculture:capitaine, WATER_AMBIENT
aquaculture:synodontis, WATER_AMBIENT
aquaculture:smallmouth_bass, WATER_AMBIENT
aquaculture:bluegill, WATER_AMBIENT
aquaculture:brown_trout, WATER_AMBIENT
aquaculture:carp, WATER_AMBIENT
aquaculture:catfish, WATER_AMBIENT
aquaculture:gar, WATER_AMBIENT
aquaculture:minnow, WATER_AMBIENT
aquaculture:muskellunge, WATER_AMBIENT
aquaculture:perch, WATER_AMBIENT
aquaculture:arapaima, WATER_AMBIENT
aquaculture:piranha, WATER_AMBIENT
aquaculture:tambaqui, WATER_AMBIENT
aquaculture:brown_shrooma, WATER_AMBIENT
aquaculture:red_shrooma, WATER_AMBIENT
aquaculture:jellyfish, WATER_AMBIENT
aquaculture:red_grouper, WATER_AMBIENT
aquaculture:tuna, WATER_AMBIENT
waddles:adelie_penguin, CREATURE
quark:stoneling, CREATURE
quark:shiba, CREATURE
quark:foxhound, CREATURE
quark:crab, CREATURE
quark:wraith, MONSTER
quark:forgotten, MONSTER
quark:toretoise, CREATURE
quark:frog, CREATURE
minecolonies:citizen, CREATURE
minecolonies:visitor, CREATURE
minecolonies:pirate, MONSTER
minecolonies:archerpirate, MONSTER
minecolonies:chiefpirate, MONSTER
minecolonies:mercenary, CREATURE
minecolonies:archerbarbarian, MONSTER
minecolonies:barbarian, MONSTER
minecolonies:chiefbarbarian, MONSTER
minecolonies:mummy, MONSTER
minecolonies:archermummy, MONSTER
minecolonies:pharao, MONSTER
minecolonies:amazon, MONSTER
minecolonies:amazonchief, MONSTER
minecolonies:shieldmaiden, MONSTER
minecolonies:norsemenarcher, MONSTER
minecolonies:norsemenchief, MONSTER
hunterillager:hunterillager, MONSTER
valhelsia_structures:mossy_skeleton, MONSTER
minecraft:axolotl, AXOLOTLS
minecraft:bat, AMBIENT
minecraft:bee, CREATURE
minecraft:blaze, MONSTER
minecraft:cat, CREATURE
minecraft:cave_spider, MONSTER
minecraft:chicken, CREATURE
minecraft:cod, WATER_AMBIENT
minecraft:cow, CREATURE
minecraft:creeper, MONSTER
minecraft:dolphin, WATER_CREATURE
minecraft:donkey, CREATURE
minecraft:drowned, MONSTER
minecraft:elder_guardian, MONSTER
minecraft:ender_dragon, MONSTER
minecraft:enderman, MONSTER
minecraft:endermite, MONSTER
minecraft:evoker, MONSTER
minecraft:fox, CREATURE
minecraft:ghast, MONSTER
minecraft:giant, MONSTER
minecraft:glow_squid, UNDERGROUND_WATER_CREATURE
minecraft:goat, CREATURE
minecraft:guardian, MONSTER
minecraft:hoglin, MONSTER
minecraft:horse, CREATURE
minecraft:husk, MONSTER
minecraft:illusioner, MONSTER
minecraft:llama, CREATURE
minecraft:magma_cube, MONSTER
minecraft:mule, CREATURE
minecraft:mooshroom, CREATURE
minecraft:ocelot, CREATURE
minecraft:panda, CREATURE
minecraft:parrot, CREATURE
minecraft:phantom, MONSTER
minecraft:pig, CREATURE
minecraft:piglin, MONSTER
minecraft:piglin_brute, MONSTER
minecraft:pillager, MONSTER
minecraft:polar_bear, CREATURE
minecraft:pufferfish, WATER_AMBIENT
minecraft:rabbit, CREATURE
minecraft:ravager, MONSTER
minecraft:salmon, WATER_AMBIENT
minecraft:sheep, CREATURE
minecraft:shulker, MONSTER
minecraft:silverfish, MONSTER
minecraft:skeleton, MONSTER
minecraft:skeleton_horse, CREATURE
minecraft:slime, MONSTER
minecraft:spider, MONSTER
minecraft:squid, WATER_CREATURE
minecraft:stray, MONSTER
minecraft:strider, CREATURE
minecraft:trader_llama, CREATURE
minecraft:tropical_fish, WATER_AMBIENT
minecraft:turtle, CREATURE
minecraft:vex, MONSTER
minecraft:vindicator, MONSTER
minecraft:wandering_trader, CREATURE
minecraft:witch, MONSTER
minecraft:wither, MONSTER
minecraft:wither_skeleton, MONSTER
minecraft:wolf, CREATURE
minecraft:zoglin, MONSTER
minecraft:zombie, MONSTER
minecraft:zombie_horse, CREATURE
minecraft:zombie_villager, MONSTER
minecraft:zombified_piglin, MONSTER
supplementaries:red_merchant, CREATURE
trapcraft:dummy, AMBIENT
tombstone:grave_guardian, CREATURE
graveyard:acolyte, MONSTER
graveyard:reaper, MONSTER
graveyard:ghoul, MONSTER
graveyard:skeleton_creeper, MONSTER
assemblylinemachines:corrupt_shell, MONSTER
restored_earth:muddy_pig, CREATURE
restored_earth:wooly_cow, CREATURE
restored_earth:jumbo_rabbit, CREATURE
restored_earth:fancy_chicken, CREATURE
restored_earth:rainbow_sheep, CREATURE
restored_earth:jolly_llama, CREATURE
restored_earth:viler_witch, MONSTER
restored_earth:tropical_slime, MONSTER
restored_earth:moobloom, CREATURE
restored_earth:bouldering_zombie, MONSTER
restored_earth:skeleton_wolf, MONSTER
restored_earth:bone_spider, MONSTER
restored_earth:moolip, CREATURE
restored_earth:cluckshroom, CREATURE
lava_monster:lava_monster, MONSTER
occultism:foliot, CREATURE
occultism:djinni, CREATURE
occultism:afrit, CREATURE
occultism:afrit_wild, CREATURE
occultism:marid, CREATURE
occultism:possessed_endermite, MONSTER
occultism:possessed_skeleton, MONSTER
occultism:possessed_enderman, MONSTER
occultism:possessed_ghast, MONSTER
occultism:wild_hunt_skeleton, MONSTER
occultism:wild_hunt_wither_skeleton, MONSTER
occultism:otherworld_bird, CREATURE
occultism:greedy_familiar, CREATURE
occultism:bat_familiar, CREATURE
occultism:deer_familiar, CREATURE
occultism:cthulhu_familiar, CREATURE
occultism:devil_familiar, CREATURE
occultism:dragon_familiar, CREATURE
occultism:blacksmith_familiar, CREATURE
occultism:guardian_familiar, CREATURE
occultism:headless_familiar, CREATURE
occultism:chimera_familiar, CREATURE
occultism:goat_familiar, CREATURE
occultism:shub_niggurath_familiar, CREATURE
occultism:beholder_familiar, CREATURE
occultism:fairy_familiar, CREATURE
occultism:mummy_familiar, CREATURE
occultism:shub_niggurath_spawn, CREATURE
instrumentalmobs:cymbal_husk, MONSTER
instrumentalmobs:drum_zombie, MONSTER
instrumentalmobs:french_horn_creeper, MONSTER
instrumentalmobs:maraca_spider, MONSTER
instrumentalmobs:microphone_ghast, MONSTER
instrumentalmobs:tuba_enderman, MONSTER
instrumentalmobs:xylophone_skeleton, MONSTER
doggytalents:dog, CREATURE
alexsmobs:grizzly_bear, CREATURE
alexsmobs:roadrunner, CREATURE
alexsmobs:bone_serpent, MONSTER
alexsmobs:bone_serpent_part, MONSTER
alexsmobs:gazelle, CREATURE
alexsmobs:crocodile, WATER_CREATURE
alexsmobs:fly, AMBIENT
alexsmobs:hummingbird, CREATURE
alexsmobs:orca, WATER_CREATURE
alexsmobs:sunbird, CREATURE
alexsmobs:gorilla, CREATURE
alexsmobs:crimson_mosquito, MONSTER
alexsmobs:rattlesnake, CREATURE
alexsmobs:endergrade, CREATURE
alexsmobs:hammerhead_shark, WATER_CREATURE
alexsmobs:lobster, WATER_AMBIENT
alexsmobs:komodo_dragon, CREATURE
alexsmobs:capuchin_monkey, CREATURE
alexsmobs:centipede_head, CREATURE
alexsmobs:centipede_body, CREATURE
alexsmobs:centipede_tail, CREATURE
alexsmobs:warped_toad, CREATURE
alexsmobs:moose, CREATURE
alexsmobs:mimicube, MONSTER
alexsmobs:raccoon, CREATURE
alexsmobs:blobfish, WATER_AMBIENT
alexsmobs:seal, CREATURE
alexsmobs:cockroach, AMBIENT
alexsmobs:shoebill, CREATURE
alexsmobs:elephant, CREATURE
alexsmobs:soul_vulture, MONSTER
alexsmobs:snow_leopard, CREATURE
alexsmobs:spectre, CREATURE
alexsmobs:crow, CREATURE
alexsmobs:alligator_snapping_turtle, CREATURE
alexsmobs:mungus, CREATURE
alexsmobs:mantis_shrimp, WATER_CREATURE
alexsmobs:guster, MONSTER
alexsmobs:warped_mosco, MONSTER
alexsmobs:straddler, MONSTER
alexsmobs:stradpole, WATER_AMBIENT
alexsmobs:emu, CREATURE
alexsmobs:platypus, CREATURE
alexsmobs:dropbear, MONSTER
alexsmobs:tasmanian_devil, CREATURE
alexsmobs:kangaroo, CREATURE
alexsmobs:cachalot_whale, WATER_CREATURE
alexsmobs:leafcutter_ant, CREATURE
alexsmobs:enderiophage, CREATURE
alexsmobs:bald_eagle, CREATURE
alexsmobs:tiger, CREATURE
alexsmobs:tarantula_hawk, CREATURE
alexsmobs:void_worm, MONSTER
alexsmobs:void_worm_part, MONSTER
alexsmobs:frilled_shark, WATER_CREATURE
alexsmobs:mimic_octopus, WATER_CREATURE
alexsmobs:seagull, CREATURE
alexsmobs:froststalker, CREATURE
alexsmobs:tusklin, CREATURE
alexsmobs:laviathan, CREATURE
alexsmobs:cosmaw, CREATURE
alexsmobs:toucan, CREATURE
alexsmobs:maned_wolf, CREATURE
alexsmobs:anaconda, CREATURE
alexsmobs:anaconda_part, CREATURE
alexsmobs:anteater, CREATURE
alexsmobs:rocky_roller, MONSTER
alexsmobs:flutter, AMBIENT
alexsmobs:gelada_monkey, CREATURE
progressivebosses:wither_minion, MONSTER
beyond_earth:alien, CREATURE
beyond_earth:alien_zombie, MONSTER
beyond_earth:star_crawler, MONSTER
beyond_earth:pygro, MONSTER
beyond_earth:mogler, MONSTER
beyond_earth:martian_raptor, MONSTER
ars_nouveau:starbuncle, CREATURE
ars_nouveau:whirlisprig, CREATURE
ars_nouveau:wilden_hunter, MONSTER
ars_nouveau:summon_wolf, CREATURE
ars_nouveau:wilden_stalker, MONSTER
ars_nouveau:summon_horse, CREATURE
ars_nouveau:wilden_guardian, MONSTER
ars_nouveau:drygmy, CREATURE
ars_nouveau:wilden_boss, MONSTER
ars_nouveau:familiar_starbuncle, CREATURE
ars_nouveau:familiar_bookwyrm, CREATURE
ars_nouveau:familiar_jabberwog, CREATURE
ars_nouveau:familiar_wixie, CREATURE
ars_nouveau:familiar_whirlisprig, CREATURE
ars_nouveau:familiar_drygmy, CREATURE
ars_nouveau:cascading_weald_walker, CREATURE
ars_nouveau:blazing_weald_walker, CREATURE
ars_nouveau:vexing_weald_walker, CREATURE
ars_nouveau:flourishing_weald_walker, CREATURE
productivebees:dye_bee, CREATURE
productivebees:lumber_bee, CREATURE
productivebees:quarry_bee, CREATURE
productivebees:rancher_bee, CREATURE
productivebees:collector_bee, CREATURE
productivebees:hoarder_bee, CREATURE
productivebees:farmer_bee, CREATURE
productivebees:creeper_bee, CREATURE
productivebees:cupid_bee, CREATURE
productivebees:configurable_bee, CREATURE
productivebees:ashy_mining_bee, CREATURE
productivebees:blue_banded_bee, CREATURE
productivebees:green_carpenter_bee, CREATURE
productivebees:yellow_black_carpenter_bee, CREATURE
productivebees:chocolate_mining_bee, CREATURE
productivebees:digger_bee, CREATURE
productivebees:leafcutter_bee, CREATURE
productivebees:mason_bee, CREATURE
productivebees:neon_cuckoo_bee, CREATURE
productivebees:nomad_bee, CREATURE
productivebees:reed_bee, CREATURE
productivebees:resin_bee, CREATURE
productivebees:sweat_bee, CREATURE
productivebees:bumble_bee, CREATURE
voidscape:corrupted_pawn_phantom, MONSTER
voidscape:corrupted_pawn_boss, MONSTER
voidscape:null_servant, MONSTER
enchantwithmob:enchanter, MONSTER
armorplus:skeletal_king, MONSTER
armorplus:witherling, MONSTER
doom:imp, MONSTER
doom:nightmare_imp, MONSTER
doom:pinky, MONSTER
doom:spectre, MONSTER
doom:cacodemon, MONSTER
doom:archvile, MONSTER
doom:baron, MONSTER
doom:mancubus, MONSTER
doom:spidermastermind, MONSTER
doom:arachnotron, MONSTER
doom:zombieman, MONSTER
doom:revenant, MONSTER
doom:imp2016, MONSTER
doom:stone_imp, MONSTER
doom:chaingunner, MONSTER
doom:marauder, MONSTER
doom:shotgunguy, MONSTER
doom:painelemental, MONSTER
doom:hellknight, MONSTER
doom:hellknight2016, MONSTER
doom:dreadknight, MONSTER
doom:cyberdemon, MONSTER
doom:cyberdemon2016, MONSTER
doom:tyrant, MONSTER
doom:unwilling, MONSTER
doom:possessed_soldier, MONSTER
doom:gore_nest, MONSTER
doom:possessed_scientist, MONSTER
doom:possessed_worker, MONSTER
doom:cueball, MONSTER
doom:mechazombie, MONSTER
doom:prowler, MONSTER
doom:iconofsin, MONSTER
doom:gargoyle, MONSTER
doom:arachnotroneternal, MONSTER
doom:pinky2016, MONSTER
doom:archvileeternal, MONSTER
doom:doom_hunter, MONSTER
doom:whiplash, MONSTER
doom:baron2016, MONSTER
doom:firebronebaron, MONSTER
doom:armoredbaron, MONSTER
doom:maykr_drone, MONSTER
doom:spidermastermind2016, MONSTER
doom:blood_maykr, MONSTER
doom:motherdemon, MONSTER
doom:tentacle, MONSTER
doom:turret, MONSTER
doom:arch_maykr, MONSTER
doom:summoner, MONSTER
doom:revenant2016, MONSTER
doom:gladiator, MONSTER
mahoutsukai:fae, CREATURE
meetyourfight:bellringer, MONSTER
meetyourfight:dame_fortuna, MONSTER
meetyourfight:swampjaw, MONSTER
chococraft:chocobo, CREATURE
aquaculture:box_turtle, CREATURE
aquaculture:arrau_turtle, CREATURE
aquaculture:starshell_turtle, CREATURE
aquaculture:atlantic_cod, WATER_AMBIENT
aquaculture:blackfish, WATER_AMBIENT
aquaculture:pacific_halibut, WATER_AMBIENT
aquaculture:atlantic_halibut, WATER_AMBIENT
aquaculture:atlantic_herring, WATER_AMBIENT
aquaculture:pink_salmon, WATER_AMBIENT
aquaculture:pollock, WATER_AMBIENT
aquaculture:rainbow_trout, WATER_AMBIENT
aquaculture:bayad, WATER_AMBIENT
aquaculture:boulti, WATER_AMBIENT
aquaculture:capitaine, WATER_AMBIENT
aquaculture:synodontis, WATER_AMBIENT
aquaculture:smallmouth_bass, WATER_AMBIENT
aquaculture:bluegill, WATER_AMBIENT
aquaculture:brown_trout, WATER_AMBIENT
aquaculture:carp, WATER_AMBIENT
aquaculture:catfish, WATER_AMBIENT
aquaculture:gar, WATER_AMBIENT
aquaculture:minnow, WATER_AMBIENT
aquaculture:muskellunge, WATER_AMBIENT
aquaculture:perch, WATER_AMBIENT
aquaculture:arapaima, WATER_AMBIENT
aquaculture:piranha, WATER_AMBIENT
aquaculture:tambaqui, WATER_AMBIENT
aquaculture:brown_shrooma, WATER_AMBIENT
aquaculture:red_shrooma, WATER_AMBIENT
aquaculture:jellyfish, WATER_AMBIENT
aquaculture:red_grouper, WATER_AMBIENT
aquaculture:tuna, WATER_AMBIENT
waddles:adelie_penguin, CREATURE
quark:toretoise, CREATURE
quark:stoneling, CREATURE
quark:shiba, CREATURE
quark:frog, CREATURE
quark:wraith, MONSTER
quark:foxhound, CREATURE
quark:forgotten, MONSTER
quark:crab, CREATURE
minecolonies:citizen, CREATURE
minecolonies:visitor, CREATURE
minecolonies:pirate, MONSTER
minecolonies:archerpirate, MONSTER
minecolonies:chiefpirate, MONSTER
minecolonies:mercenary, CREATURE
minecolonies:archerbarbarian, MONSTER
minecolonies:barbarian, MONSTER
minecolonies:chiefbarbarian, MONSTER
minecolonies:mummy, MONSTER
minecolonies:archermummy, MONSTER
minecolonies:pharao, MONSTER
minecolonies:amazon, MONSTER
minecolonies:amazonchief, MONSTER
minecolonies:shieldmaiden, MONSTER
minecolonies:norsemenarcher, MONSTER
minecolonies:norsemenchief, MONSTER
hunterillager:hunterillager, MONSTER
valhelsia_structures:mossy_skeleton, MONSTER
minecraft:axolotl, AXOLOTLS
minecraft:bat, AMBIENT
minecraft:bee, CREATURE
minecraft:blaze, MONSTER
minecraft:cat, CREATURE
minecraft:cave_spider, MONSTER
minecraft:chicken, CREATURE
minecraft:cod, WATER_AMBIENT
minecraft:cow, CREATURE
minecraft:creeper, MONSTER
minecraft:dolphin, WATER_CREATURE
minecraft:donkey, CREATURE
minecraft:drowned, MONSTER
minecraft:elder_guardian, MONSTER
minecraft:ender_dragon, MONSTER
minecraft:enderman, MONSTER
minecraft:endermite, MONSTER
minecraft:evoker, MONSTER
minecraft:fox, CREATURE
minecraft:ghast, MONSTER
minecraft:giant, MONSTER
minecraft:glow_squid, UNDERGROUND_WATER_CREATURE
minecraft:goat, CREATURE
minecraft:guardian, MONSTER
minecraft:hoglin, MONSTER
minecraft:horse, CREATURE
minecraft:husk, MONSTER
minecraft:illusioner, MONSTER
minecraft:llama, CREATURE
minecraft:magma_cube, MONSTER
minecraft:mule, CREATURE
minecraft:mooshroom, CREATURE
minecraft:ocelot, CREATURE
minecraft:panda, CREATURE
minecraft:parrot, CREATURE
minecraft:phantom, MONSTER
minecraft:pig, CREATURE
minecraft:piglin, MONSTER
minecraft:piglin_brute, MONSTER
minecraft:pillager, MONSTER
minecraft:polar_bear, CREATURE
minecraft:pufferfish, WATER_AMBIENT
minecraft:rabbit, CREATURE
minecraft:ravager, MONSTER
minecraft:salmon, WATER_AMBIENT
minecraft:sheep, CREATURE
minecraft:shulker, MONSTER
minecraft:silverfish, MONSTER
minecraft:skeleton, MONSTER
minecraft:skeleton_horse, CREATURE
minecraft:slime, MONSTER
minecraft:spider, MONSTER
minecraft:squid, WATER_CREATURE
minecraft:stray, MONSTER
minecraft:strider, CREATURE
minecraft:trader_llama, CREATURE
minecraft:tropical_fish, WATER_AMBIENT
minecraft:turtle, CREATURE
minecraft:vex, MONSTER
minecraft:vindicator, MONSTER
minecraft:wandering_trader, CREATURE
minecraft:witch, MONSTER
minecraft:wither, MONSTER
minecraft:wither_skeleton, MONSTER
minecraft:wolf, CREATURE
minecraft:zoglin, MONSTER
minecraft:zombie, MONSTER
minecraft:zombie_horse, CREATURE
minecraft:zombie_villager, MONSTER
minecraft:zombified_piglin, MONSTER
supplementaries:red_merchant, CREATURE
trapcraft:dummy, AMBIENT
tombstone:grave_guardian, CREATURE
graveyard:acolyte, MONSTER
graveyard:ghoul, MONSTER
graveyard:skeleton_creeper, MONSTER
graveyard:reaper, MONSTER
assemblylinemachines:corrupt_shell, MONSTER
restored_earth:muddy_pig, CREATURE
restored_earth:wooly_cow, CREATURE
restored_earth:jumbo_rabbit, CREATURE
restored_earth:fancy_chicken, CREATURE
restored_earth:rainbow_sheep, CREATURE
restored_earth:jolly_llama, CREATURE
restored_earth:viler_witch, MONSTER
restored_earth:tropical_slime, MONSTER
restored_earth:moobloom, CREATURE
restored_earth:bouldering_zombie, MONSTER
restored_earth:skeleton_wolf, MONSTER
restored_earth:bone_spider, MONSTER
restored_earth:moolip, CREATURE
restored_earth:cluckshroom, CREATURE
lava_monster:lava_monster, MONSTER
occultism:foliot, CREATURE
occultism:djinni, CREATURE
occultism:afrit, CREATURE
occultism:afrit_wild, CREATURE
occultism:marid, CREATURE
occultism:possessed_endermite, MONSTER
occultism:possessed_skeleton, MONSTER
occultism:possessed_enderman, MONSTER
occultism:possessed_ghast, MONSTER
occultism:wild_hunt_skeleton, MONSTER
occultism:wild_hunt_wither_skeleton, MONSTER
occultism:otherworld_bird, CREATURE
occultism:greedy_familiar, CREATURE
occultism:bat_familiar, CREATURE
occultism:deer_familiar, CREATURE
occultism:cthulhu_familiar, CREATURE
occultism:devil_familiar, CREATURE
occultism:dragon_familiar, CREATURE
occultism:blacksmith_familiar, CREATURE
occultism:guardian_familiar, CREATURE
occultism:headless_familiar, CREATURE
occultism:chimera_familiar, CREATURE
occultism:goat_familiar, CREATURE
occultism:shub_niggurath_familiar, CREATURE
occultism:beholder_familiar, CREATURE
occultism:fairy_familiar, CREATURE
occultism:mummy_familiar, CREATURE
occultism:shub_niggurath_spawn, CREATURE
instrumentalmobs:cymbal_husk, MONSTER
instrumentalmobs:drum_zombie, MONSTER
instrumentalmobs:french_horn_creeper, MONSTER
instrumentalmobs:maraca_spider, MONSTER
instrumentalmobs:microphone_ghast, MONSTER
instrumentalmobs:tuba_enderman, MONSTER
instrumentalmobs:xylophone_skeleton, MONSTER
doggytalents:dog, CREATURE
alexsmobs:grizzly_bear, CREATURE
alexsmobs:roadrunner, CREATURE
alexsmobs:bone_serpent, MONSTER
alexsmobs:bone_serpent_part, MONSTER
alexsmobs:gazelle, CREATURE
alexsmobs:crocodile, WATER_CREATURE
alexsmobs:fly, AMBIENT
alexsmobs:hummingbird, CREATURE
alexsmobs:orca, WATER_CREATURE
alexsmobs:sunbird, CREATURE
alexsmobs:gorilla, CREATURE
alexsmobs:crimson_mosquito, MONSTER
alexsmobs:rattlesnake, CREATURE
alexsmobs:endergrade, CREATURE
alexsmobs:hammerhead_shark, WATER_CREATURE
alexsmobs:lobster, WATER_AMBIENT
alexsmobs:komodo_dragon, CREATURE
alexsmobs:capuchin_monkey, CREATURE
alexsmobs:centipede_head, CREATURE
alexsmobs:centipede_body, CREATURE
alexsmobs:centipede_tail, CREATURE
alexsmobs:warped_toad, CREATURE
alexsmobs:moose, CREATURE
alexsmobs:mimicube, MONSTER
alexsmobs:raccoon, CREATURE
alexsmobs:blobfish, WATER_AMBIENT
alexsmobs:seal, CREATURE
alexsmobs:cockroach, AMBIENT
alexsmobs:shoebill, CREATURE
alexsmobs:elephant, CREATURE
alexsmobs:soul_vulture, MONSTER
alexsmobs:snow_leopard, CREATURE
alexsmobs:spectre, CREATURE
alexsmobs:crow, CREATURE
alexsmobs:alligator_snapping_turtle, CREATURE
alexsmobs:mungus, CREATURE
alexsmobs:mantis_shrimp, WATER_CREATURE
alexsmobs:guster, MONSTER
alexsmobs:warped_mosco, MONSTER
alexsmobs:straddler, MONSTER
alexsmobs:stradpole, WATER_AMBIENT
alexsmobs:emu, CREATURE
alexsmobs:platypus, CREATURE
alexsmobs:dropbear, MONSTER
alexsmobs:tasmanian_devil, CREATURE
alexsmobs:kangaroo, CREATURE
alexsmobs:cachalot_whale, WATER_CREATURE
alexsmobs:leafcutter_ant, CREATURE
alexsmobs:enderiophage, CREATURE
alexsmobs:bald_eagle, CREATURE
alexsmobs:tiger, CREATURE
alexsmobs:tarantula_hawk, CREATURE
alexsmobs:void_worm, MONSTER
alexsmobs:void_worm_part, MONSTER
alexsmobs:frilled_shark, WATER_CREATURE
alexsmobs:mimic_octopus, WATER_CREATURE
alexsmobs:seagull, CREATURE
alexsmobs:froststalker, CREATURE
alexsmobs:tusklin, CREATURE
alexsmobs:laviathan, CREATURE
alexsmobs:cosmaw, CREATURE
alexsmobs:toucan, CREATURE
alexsmobs:maned_wolf, CREATURE
alexsmobs:anaconda, CREATURE
alexsmobs:anaconda_part, CREATURE
alexsmobs:anteater, CREATURE
alexsmobs:rocky_roller, MONSTER
alexsmobs:flutter, AMBIENT
alexsmobs:gelada_monkey, CREATURE
progressivebosses:wither_minion, MONSTER
beyond_earth:alien, CREATURE
beyond_earth:alien_zombie, MONSTER
beyond_earth:star_crawler, MONSTER
beyond_earth:pygro, MONSTER
beyond_earth:mogler, MONSTER
beyond_earth:martian_raptor, MONSTER
ars_nouveau:starbuncle, CREATURE
ars_nouveau:whirlisprig, CREATURE
ars_nouveau:wilden_hunter, MONSTER
ars_nouveau:summon_wolf, CREATURE
ars_nouveau:wilden_stalker, MONSTER
ars_nouveau:summon_horse, CREATURE
ars_nouveau:wilden_guardian, MONSTER
ars_nouveau:drygmy, CREATURE
ars_nouveau:wilden_boss, MONSTER
ars_nouveau:familiar_starbuncle, CREATURE
ars_nouveau:familiar_bookwyrm, CREATURE
ars_nouveau:familiar_jabberwog, CREATURE
ars_nouveau:familiar_wixie, CREATURE
ars_nouveau:familiar_whirlisprig, CREATURE
ars_nouveau:familiar_drygmy, CREATURE
ars_nouveau:cascading_weald_walker, CREATURE
ars_nouveau:blazing_weald_walker, CREATURE
ars_nouveau:vexing_weald_walker, CREATURE
ars_nouveau:flourishing_weald_walker, CREATURE
productivebees:dye_bee, CREATURE
productivebees:lumber_bee, CREATURE
productivebees:quarry_bee, CREATURE
productivebees:rancher_bee, CREATURE
productivebees:collector_bee, CREATURE
productivebees:hoarder_bee, CREATURE
productivebees:farmer_bee, CREATURE
productivebees:creeper_bee, CREATURE
productivebees:cupid_bee, CREATURE
productivebees:configurable_bee, CREATURE
productivebees:ashy_mining_bee, CREATURE
productivebees:blue_banded_bee, CREATURE
productivebees:green_carpenter_bee, CREATURE
productivebees:yellow_black_carpenter_bee, CREATURE
productivebees:chocolate_mining_bee, CREATURE
productivebees:digger_bee, CREATURE
productivebees:leafcutter_bee, CREATURE
productivebees:mason_bee, CREATURE
productivebees:neon_cuckoo_bee, CREATURE
productivebees:nomad_bee, CREATURE
productivebees:reed_bee, CREATURE
productivebees:resin_bee, CREATURE
productivebees:sweat_bee, CREATURE
productivebees:bumble_bee, CREATURE
voidscape:corrupted_pawn_phantom, MONSTER
voidscape:corrupted_pawn_boss, MONSTER
voidscape:null_servant, MONSTER
enchantwithmob:enchanter, MONSTER
armorplus:skeletal_king, MONSTER
armorplus:witherling, MONSTER
doom:imp, MONSTER
doom:nightmare_imp, MONSTER
doom:pinky, MONSTER
doom:spectre, MONSTER
doom:cacodemon, MONSTER
doom:archvile, MONSTER
doom:baron, MONSTER
doom:mancubus, MONSTER
doom:spidermastermind, MONSTER
doom:arachnotron, MONSTER
doom:zombieman, MONSTER
doom:revenant, MONSTER
doom:imp2016, MONSTER
doom:stone_imp, MONSTER
doom:chaingunner, MONSTER
doom:marauder, MONSTER
doom:shotgunguy, MONSTER
doom:painelemental, MONSTER
doom:hellknight, MONSTER
doom:hellknight2016, MONSTER
doom:dreadknight, MONSTER
doom:cyberdemon, MONSTER
doom:cyberdemon2016, MONSTER
doom:tyrant, MONSTER
doom:unwilling, MONSTER
doom:possessed_soldier, MONSTER
doom:gore_nest, MONSTER
doom:possessed_scientist, MONSTER
doom:possessed_worker, MONSTER
doom:cueball, MONSTER
doom:mechazombie, MONSTER
doom:prowler, MONSTER
doom:iconofsin, MONSTER
doom:gargoyle, MONSTER
doom:arachnotroneternal, MONSTER
doom:pinky2016, MONSTER
doom:archvileeternal, MONSTER
doom:doom_hunter, MONSTER
doom:whiplash, MONSTER
doom:baron2016, MONSTER
doom:firebronebaron, MONSTER
doom:armoredbaron, MONSTER
doom:maykr_drone, MONSTER
doom:spidermastermind2016, MONSTER
doom:blood_maykr, MONSTER
doom:motherdemon, MONSTER
doom:tentacle, MONSTER
doom:turret, MONSTER
doom:arch_maykr, MONSTER
doom:summoner, MONSTER
doom:revenant2016, MONSTER
doom:gladiator, MONSTER
mahoutsukai:fae, CREATURE
meetyourfight:bellringer, MONSTER
meetyourfight:dame_fortuna, MONSTER
meetyourfight:swampjaw, MONSTER
chococraft:chocobo, CREATURE
aquaculture:box_turtle, CREATURE
aquaculture:arrau_turtle, CREATURE
aquaculture:starshell_turtle, CREATURE
aquaculture:atlantic_cod, WATER_AMBIENT
aquaculture:blackfish, WATER_AMBIENT
aquaculture:pacific_halibut, WATER_AMBIENT
aquaculture:atlantic_halibut, WATER_AMBIENT
aquaculture:atlantic_herring, WATER_AMBIENT
aquaculture:pink_salmon, WATER_AMBIENT
aquaculture:pollock, WATER_AMBIENT
aquaculture:rainbow_trout, WATER_AMBIENT
aquaculture:bayad, WATER_AMBIENT
aquaculture:boulti, WATER_AMBIENT
aquaculture:capitaine, WATER_AMBIENT
aquaculture:synodontis, WATER_AMBIENT
aquaculture:smallmouth_bass, WATER_AMBIENT
aquaculture:bluegill, WATER_AMBIENT
aquaculture:brown_trout, WATER_AMBIENT
aquaculture:carp, WATER_AMBIENT
aquaculture:catfish, WATER_AMBIENT
aquaculture:gar, WATER_AMBIENT
aquaculture:minnow, WATER_AMBIENT
aquaculture:muskellunge, WATER_AMBIENT
aquaculture:perch, WATER_AMBIENT
aquaculture:arapaima, WATER_AMBIENT
aquaculture:piranha, WATER_AMBIENT
aquaculture:tambaqui, WATER_AMBIENT
aquaculture:brown_shrooma, WATER_AMBIENT
aquaculture:red_shrooma, WATER_AMBIENT
aquaculture:jellyfish, WATER_AMBIENT
aquaculture:red_grouper, WATER_AMBIENT
aquaculture:tuna, WATER_AMBIENT
waddles:adelie_penguin, CREATURE
quark:wraith, MONSTER
quark:frog, CREATURE
quark:foxhound, CREATURE
quark:toretoise, CREATURE
quark:crab, CREATURE
quark:shiba, CREATURE
quark:forgotten, MONSTER
quark:stoneling, CREATURE
minecolonies:citizen, CREATURE
minecolonies:visitor, CREATURE
minecolonies:pirate, MONSTER
minecolonies:archerpirate, MONSTER
minecolonies:chiefpirate, MONSTER
minecolonies:mercenary, CREATURE
minecolonies:archerbarbarian, MONSTER
minecolonies:barbarian, MONSTER
minecolonies:chiefbarbarian, MONSTER
minecolonies:mummy, MONSTER
minecolonies:archermummy, MONSTER
minecolonies:pharao, MONSTER
minecolonies:amazon, MONSTER
minecolonies:amazonchief, MONSTER
minecolonies:shieldmaiden, MONSTER
minecolonies:norsemenarcher, MONSTER
minecolonies:norsemenchief, MONSTER
hunterillager:hunterillager, MONSTER
valhelsia_structures:mossy_skeleton, MONSTER
minecraft:axolotl, AXOLOTLS
minecraft:bat, AMBIENT
minecraft:bee, CREATURE
minecraft:blaze, MONSTER
minecraft:cat, CREATURE
minecraft:cave_spider, MONSTER
minecraft:chicken, CREATURE
minecraft:cod, WATER_AMBIENT
minecraft:cow, CREATURE
minecraft:creeper, MONSTER
minecraft:dolphin, WATER_CREATURE
minecraft:donkey, CREATURE
minecraft:drowned, MONSTER
minecraft:elder_guardian, MONSTER
minecraft:ender_dragon, MONSTER
minecraft:enderman, MONSTER
minecraft:endermite, MONSTER
minecraft:evoker, MONSTER
minecraft:fox, CREATURE
minecraft:ghast, MONSTER
minecraft:giant, MONSTER
minecraft:glow_squid, UNDERGROUND_WATER_CREATURE
minecraft:goat, CREATURE
minecraft:guardian, MONSTER
minecraft:hoglin, MONSTER
minecraft:horse, CREATURE
minecraft:husk, MONSTER
minecraft:illusioner, MONSTER
minecraft:llama, CREATURE
minecraft:magma_cube, MONSTER
minecraft:mule, CREATURE
minecraft:mooshroom, CREATURE
minecraft:ocelot, CREATURE
minecraft:panda, CREATURE
minecraft:parrot, CREATURE
minecraft:phantom, MONSTER
minecraft:pig, CREATURE
minecraft:piglin, MONSTER
minecraft:piglin_brute, MONSTER
minecraft:pillager, MONSTER
minecraft:polar_bear, CREATURE
minecraft:pufferfish, WATER_AMBIENT
minecraft:rabbit, CREATURE
minecraft:ravager, MONSTER
minecraft:salmon, WATER_AMBIENT
minecraft:sheep, CREATURE
minecraft:shulker, MONSTER
minecraft:silverfish, MONSTER
minecraft:skeleton, MONSTER
minecraft:skeleton_horse, CREATURE
minecraft:slime, MONSTER
minecraft:spider, MONSTER
minecraft:squid, WATER_CREATURE
minecraft:stray, MONSTER
minecraft:strider, CREATURE
minecraft:trader_llama, CREATURE
minecraft:tropical_fish, WATER_AMBIENT
minecraft:turtle, CREATURE
minecraft:vex, MONSTER
minecraft:vindicator, MONSTER
minecraft:wandering_trader, CREATURE
minecraft:witch, MONSTER
minecraft:wither, MONSTER
minecraft:wither_skeleton, MONSTER
minecraft:wolf, CREATURE
minecraft:zoglin, MONSTER
minecraft:zombie, MONSTER
minecraft:zombie_horse, CREATURE
minecraft:zombie_villager, MONSTER
minecraft:zombified_piglin, MONSTER
supplementaries:red_merchant, CREATURE
trapcraft:dummy, AMBIENT
tombstone:grave_guardian, CREATURE
graveyard:reaper, MONSTER
graveyard:skeleton_creeper, MONSTER
graveyard:ghoul, MONSTER
graveyard:acolyte, MONSTER
assemblylinemachines:corrupt_shell, MONSTER
restored_earth:muddy_pig, CREATURE
restored_earth:wooly_cow, CREATURE
restored_earth:jumbo_rabbit, CREATURE
restored_earth:fancy_chicken, CREATURE
restored_earth:rainbow_sheep, CREATURE
restored_earth:jolly_llama, CREATURE
restored_earth:viler_witch, MONSTER
restored_earth:tropical_slime, MONSTER
restored_earth:moobloom, CREATURE
restored_earth:bouldering_zombie, MONSTER
restored_earth:skeleton_wolf, MONSTER
restored_earth:bone_spider, MONSTER
restored_earth:moolip, CREATURE
restored_earth:cluckshroom, CREATURE
lava_monster:lava_monster, MONSTER
occultism:foliot, CREATURE
occultism:djinni, CREATURE
occultism:afrit, CREATURE
occultism:afrit_wild, CREATURE
occultism:marid, CREATURE
occultism:possessed_endermite, MONSTER
occultism:possessed_skeleton, MONSTER
occultism:possessed_enderman, MONSTER
occultism:possessed_ghast, MONSTER
occultism:wild_hunt_skeleton, MONSTER
occultism:wild_hunt_wither_skeleton, MONSTER
occultism:otherworld_bird, CREATURE
occultism:greedy_familiar, CREATURE
occultism:bat_familiar, CREATURE
occultism:deer_familiar, CREATURE
occultism:cthulhu_familiar, CREATURE
occultism:devil_familiar, CREATURE
occultism:dragon_familiar, CREATURE
occultism:blacksmith_familiar, CREATURE
occultism:guardian_familiar, CREATURE
occultism:headless_familiar, CREATURE
occultism:chimera_familiar, CREATURE
occultism:goat_familiar, CREATURE
occultism:shub_niggurath_familiar, CREATURE
occultism:beholder_familiar, CREATURE
occultism:fairy_familiar, CREATURE
occultism:mummy_familiar, CREATURE
occultism:shub_niggurath_spawn, CREATURE
instrumentalmobs:cymbal_husk, MONSTER
instrumentalmobs:drum_zombie, MONSTER
instrumentalmobs:french_horn_creeper, MONSTER
instrumentalmobs:maraca_spider, MONSTER
instrumentalmobs:microphone_ghast, MONSTER
instrumentalmobs:tuba_enderman, MONSTER
instrumentalmobs:xylophone_skeleton, MONSTER
doggytalents:dog, CREATURE
alexsmobs:grizzly_bear, CREATURE
alexsmobs:roadrunner, CREATURE
alexsmobs:bone_serpent, MONSTER
alexsmobs:bone_serpent_part, MONSTER
alexsmobs:gazelle, CREATURE
alexsmobs:crocodile, WATER_CREATURE
alexsmobs:fly, AMBIENT
alexsmobs:hummingbird, CREATURE
alexsmobs:orca, WATER_CREATURE
alexsmobs:sunbird, CREATURE
alexsmobs:gorilla, CREATURE
alexsmobs:crimson_mosquito, MONSTER
alexsmobs:rattlesnake, CREATURE
alexsmobs:endergrade, CREATURE
alexsmobs:hammerhead_shark, WATER_CREATURE
alexsmobs:lobster, WATER_AMBIENT
alexsmobs:komodo_dragon, CREATURE
alexsmobs:capuchin_monkey, CREATURE
alexsmobs:centipede_head, CREATURE
alexsmobs:centipede_body, CREATURE
alexsmobs:centipede_tail, CREATURE
alexsmobs:warped_toad, CREATURE
alexsmobs:moose, CREATURE
alexsmobs:mimicube, MONSTER
alexsmobs:raccoon, CREATURE
alexsmobs:blobfish, WATER_AMBIENT
alexsmobs:seal, CREATURE
alexsmobs:cockroach, AMBIENT
alexsmobs:shoebill, CREATURE
alexsmobs:elephant, CREATURE
alexsmobs:soul_vulture, MONSTER
alexsmobs:snow_leopard, CREATURE
alexsmobs:spectre, CREATURE
alexsmobs:crow, CREATURE
alexsmobs:alligator_snapping_turtle, CREATURE
alexsmobs:mungus, CREATURE
alexsmobs:mantis_shrimp, WATER_CREATURE
alexsmobs:guster, MONSTER
alexsmobs:warped_mosco, MONSTER
alexsmobs:straddler, MONSTER
alexsmobs:stradpole, WATER_AMBIENT
alexsmobs:emu, CREATURE
alexsmobs:platypus, CREATURE
alexsmobs:dropbear, MONSTER
alexsmobs:tasmanian_devil, CREATURE
alexsmobs:kangaroo, CREATURE
alexsmobs:cachalot_whale, WATER_CREATURE
alexsmobs:leafcutter_ant, CREATURE
alexsmobs:enderiophage, CREATURE
alexsmobs:bald_eagle, CREATURE
alexsmobs:tiger, CREATURE
alexsmobs:tarantula_hawk, CREATURE
alexsmobs:void_worm, MONSTER
alexsmobs:void_worm_part, MONSTER
alexsmobs:frilled_shark, WATER_CREATURE
alexsmobs:mimic_octopus, WATER_CREATURE
alexsmobs:seagull, CREATURE
alexsmobs:froststalker, CREATURE
alexsmobs:tusklin, CREATURE
alexsmobs:laviathan, CREATURE
alexsmobs:cosmaw, CREATURE
alexsmobs:toucan, CREATURE
alexsmobs:maned_wolf, CREATURE
alexsmobs:anaconda, CREATURE
alexsmobs:anaconda_part, CREATURE
alexsmobs:anteater, CREATURE
alexsmobs:rocky_roller, MONSTER
alexsmobs:flutter, AMBIENT
alexsmobs:gelada_monkey, CREATURE
progressivebosses:wither_minion, MONSTER
beyond_earth:alien, CREATURE
beyond_earth:alien_zombie, MONSTER
beyond_earth:star_crawler, MONSTER
beyond_earth:pygro, MONSTER
beyond_earth:mogler, MONSTER
beyond_earth:martian_raptor, MONSTER
ars_nouveau:starbuncle, CREATURE
ars_nouveau:whirlisprig, CREATURE
ars_nouveau:wilden_hunter, MONSTER
ars_nouveau:summon_wolf, CREATURE
ars_nouveau:wilden_stalker, MONSTER
ars_nouveau:summon_horse, CREATURE
ars_nouveau:wilden_guardian, MONSTER
ars_nouveau:drygmy, CREATURE
ars_nouveau:wilden_boss, MONSTER
ars_nouveau:familiar_starbuncle, CREATURE
ars_nouveau:familiar_bookwyrm, CREATURE
ars_nouveau:familiar_jabberwog, CREATURE
ars_nouveau:familiar_wixie, CREATURE
ars_nouveau:familiar_whirlisprig, CREATURE
ars_nouveau:familiar_drygmy, CREATURE
ars_nouveau:cascading_weald_walker, CREATURE
ars_nouveau:blazing_weald_walker, CREATURE
ars_nouveau:vexing_weald_walker, CREATURE
ars_nouveau:flourishing_weald_walker, CREATURE
productivebees:dye_bee, CREATURE
productivebees:lumber_bee, CREATURE
productivebees:quarry_bee, CREATURE
productivebees:rancher_bee, CREATURE
productivebees:collector_bee, CREATURE
productivebees:hoarder_bee, CREATURE
productivebees:farmer_bee, CREATURE
productivebees:creeper_bee, CREATURE
productivebees:cupid_bee, CREATURE
productivebees:configurable_bee, CREATURE
productivebees:ashy_mining_bee, CREATURE
productivebees:blue_banded_bee, CREATURE
productivebees:green_carpenter_bee, CREATURE
productivebees:yellow_black_carpenter_bee, CREATURE
productivebees:chocolate_mining_bee, CREATURE
productivebees:digger_bee, CREATURE
productivebees:leafcutter_bee, CREATURE
productivebees:mason_bee, CREATURE
productivebees:neon_cuckoo_bee, CREATURE
productivebees:nomad_bee, CREATURE
productivebees:reed_bee, CREATURE
productivebees:resin_bee, CREATURE
productivebees:sweat_bee, CREATURE
productivebees:bumble_bee, CREATURE
voidscape:corrupted_pawn_phantom, MONSTER
voidscape:corrupted_pawn_boss, MONSTER
voidscape:null_servant, MONSTER
enchantwithmob:enchanter, MONSTER
armorplus:skeletal_king, MONSTER
armorplus:witherling, MONSTER
doom:imp, MONSTER
doom:nightmare_imp, MONSTER
doom:pinky, MONSTER
doom:spectre, MONSTER
doom:cacodemon, MONSTER
doom:archvile, MONSTER
doom:baron, MONSTER
doom:mancubus, MONSTER
doom:spidermastermind, MONSTER
doom:arachnotron, MONSTER
doom:zombieman, MONSTER
doom:revenant, MONSTER
doom:imp2016, MONSTER
doom:stone_imp, MONSTER
doom:chaingunner, MONSTER
doom:marauder, MONSTER
doom:shotgunguy, MONSTER
doom:painelemental, MONSTER
doom:hellknight, MONSTER
doom:hellknight2016, MONSTER
doom:dreadknight, MONSTER
doom:cyberdemon, MONSTER
doom:cyberdemon2016, MONSTER
doom:tyrant, MONSTER
doom:unwilling, MONSTER
doom:possessed_soldier, MONSTER
doom:gore_nest, MONSTER
doom:possessed_scientist, MONSTER
doom:possessed_worker, MONSTER
doom:cueball, MONSTER
doom:mechazombie, MONSTER
doom:prowler, MONSTER
doom:iconofsin, MONSTER
doom:gargoyle, MONSTER
doom:arachnotroneternal, MONSTER
doom:pinky2016, MONSTER
doom:archvileeternal, MONSTER
doom:doom_hunter, MONSTER
doom:whiplash, MONSTER
doom:baron2016, MONSTER
doom:firebronebaron, MONSTER
doom:armoredbaron, MONSTER
doom:maykr_drone, MONSTER
doom:spidermastermind2016, MONSTER
doom:blood_maykr, MONSTER
doom:motherdemon, MONSTER
doom:tentacle, MONSTER
doom:turret, MONSTER
doom:arch_maykr, MONSTER
doom:summoner, MONSTER
doom:revenant2016, MONSTER
doom:gladiator, MONSTER
mahoutsukai:fae, CREATURE
meetyourfight:bellringer, MONSTER
meetyourfight:dame_fortuna, MONSTER
meetyourfight:swampjaw, MONSTER
chococraft:chocobo, CREATURE
aquaculture:box_turtle, CREATURE
aquaculture:arrau_turtle, CREATURE
aquaculture:starshell_turtle, CREATURE
aquaculture:atlantic_cod, WATER_AMBIENT
aquaculture:blackfish, WATER_AMBIENT
aquaculture:pacific_halibut, WATER_AMBIENT
aquaculture:atlantic_halibut, WATER_AMBIENT
aquaculture:atlantic_herring, WATER_AMBIENT
aquaculture:pink_salmon, WATER_AMBIENT
aquaculture:pollock, WATER_AMBIENT
aquaculture:rainbow_trout, WATER_AMBIENT
aquaculture:bayad, WATER_AMBIENT
aquaculture:boulti, WATER_AMBIENT
aquaculture:capitaine, WATER_AMBIENT
aquaculture:synodontis, WATER_AMBIENT
aquaculture:smallmouth_bass, WATER_AMBIENT
aquaculture:bluegill, WATER_AMBIENT
aquaculture:brown_trout, WATER_AMBIENT
aquaculture:carp, WATER_AMBIENT
aquaculture:catfish, WATER_AMBIENT
aquaculture:gar, WATER_AMBIENT
aquaculture:minnow, WATER_AMBIENT
aquaculture:muskellunge, WATER_AMBIENT
aquaculture:perch, WATER_AMBIENT
aquaculture:arapaima, WATER_AMBIENT
aquaculture:piranha, WATER_AMBIENT
aquaculture:tambaqui, WATER_AMBIENT
aquaculture:brown_shrooma, WATER_AMBIENT
aquaculture:red_shrooma, WATER_AMBIENT
aquaculture:jellyfish, WATER_AMBIENT
aquaculture:red_grouper, WATER_AMBIENT
aquaculture:tuna, WATER_AMBIENT
waddles:adelie_penguin, CREATURE
quark:crab, CREATURE
quark:wraith, MONSTER
quark:frog, CREATURE
quark:shiba, CREATURE
quark:toretoise, CREATURE
quark:stoneling, CREATURE
quark:forgotten, MONSTER
quark:foxhound, CREATURE
minecolonies:citizen, CREATURE
minecolonies:visitor, CREATURE
minecolonies:pirate, MONSTER
minecolonies:archerpirate, MONSTER
minecolonies:chiefpirate, MONSTER
minecolonies:mercenary, CREATURE
minecolonies:archerbarbarian, MONSTER
minecolonies:barbarian, MONSTER
minecolonies:chiefbarbarian, MONSTER
minecolonies:mummy, MONSTER
minecolonies:archermummy, MONSTER
minecolonies:pharao, MONSTER
minecolonies:amazon, MONSTER
minecolonies:amazonchief, MONSTER
minecolonies:shieldmaiden, MONSTER
minecolonies:norsemenarcher, MONSTER
minecolonies:norsemenchief, MONSTER
hunterillager:hunterillager, MONSTER
valhelsia_structures:mossy_skeleton, MONSTER
minecraft:axolotl, AXOLOTLS
minecraft:bat, AMBIENT
minecraft:bee, CREATURE
minecraft:blaze, MONSTER
minecraft:cat, CREATURE
minecraft:cave_spider, MONSTER
minecraft:chicken, CREATURE
minecraft:cod, WATER_AMBIENT
minecraft:cow, CREATURE
minecraft:creeper, MONSTER
minecraft:dolphin, WATER_CREATURE
minecraft:donkey, CREATURE
minecraft:drowned, MONSTER
minecraft:elder_guardian, MONSTER
minecraft:ender_dragon, MONSTER
minecraft:enderman, MONSTER
minecraft:endermite, MONSTER
minecraft:evoker, MONSTER
minecraft:fox, CREATURE
minecraft:ghast, MONSTER
minecraft:giant, MONSTER
minecraft:glow_squid, UNDERGROUND_WATER_CREATURE
minecraft:goat, CREATURE
minecraft:guardian, MONSTER
minecraft:hoglin, MONSTER
minecraft:horse, CREATURE
minecraft:husk, MONSTER
minecraft:illusioner, MONSTER
minecraft:llama, CREATURE
minecraft:magma_cube, MONSTER
minecraft:mule, CREATURE
minecraft:mooshroom, CREATURE
minecraft:ocelot, CREATURE
minecraft:panda, CREATURE
minecraft:parrot, CREATURE
minecraft:phantom, MONSTER
minecraft:pig, CREATURE
minecraft:piglin, MONSTER
minecraft:piglin_brute, MONSTER
minecraft:pillager, MONSTER
minecraft:polar_bear, CREATURE
minecraft:pufferfish, WATER_AMBIENT
minecraft:rabbit, CREATURE
minecraft:ravager, MONSTER
minecraft:salmon, WATER_AMBIENT
minecraft:sheep, CREATURE
minecraft:shulker, MONSTER
minecraft:silverfish, MONSTER
minecraft:skeleton, MONSTER
minecraft:skeleton_horse, CREATURE
minecraft:slime, MONSTER
minecraft:spider, MONSTER
minecraft:squid, WATER_CREATURE
minecraft:stray, MONSTER
minecraft:strider, CREATURE
minecraft:trader_llama, CREATURE
minecraft:tropical_fish, WATER_AMBIENT
minecraft:turtle, CREATURE
minecraft:vex, MONSTER
minecraft:vindicator, MONSTER
minecraft:wandering_trader, CREATURE
minecraft:witch, MONSTER
minecraft:wither, MONSTER
minecraft:wither_skeleton, MONSTER
minecraft:wolf, CREATURE
minecraft:zoglin, MONSTER
minecraft:zombie, MONSTER
minecraft:zombie_horse, CREATURE
minecraft:zombie_villager, MONSTER
minecraft:zombified_piglin, MONSTER
supplementaries:red_merchant, CREATURE
trapcraft:dummy, AMBIENT
tombstone:grave_guardian, CREATURE
graveyard:skeleton_creeper, MONSTER
graveyard:reaper, MONSTER
graveyard:ghoul, MONSTER
graveyard:acolyte, MONSTER
assemblylinemachines:corrupt_shell, MONSTER
restored_earth:muddy_pig, CREATURE
restored_earth:wooly_cow, CREATURE
restored_earth:jumbo_rabbit, CREATURE
restored_earth:fancy_chicken, CREATURE
restored_earth:rainbow_sheep, CREATURE
restored_earth:jolly_llama, CREATURE
restored_earth:viler_witch, MONSTER
restored_earth:tropical_slime, MONSTER
restored_earth:moobloom, CREATURE
restored_earth:bouldering_zombie, MONSTER
restored_earth:skeleton_wolf, MONSTER
restored_earth:bone_spider, MONSTER
restored_earth:moolip, CREATURE
restored_earth:cluckshroom, CREATURE
lava_monster:lava_monster, MONSTER
occultism:foliot, CREATURE
occultism:djinni, CREATURE
occultism:afrit, CREATURE
occultism:afrit_wild, CREATURE
occultism:marid, CREATURE
occultism:possessed_endermite, MONSTER
occultism:possessed_skeleton, MONSTER
occultism:possessed_enderman, MONSTER
occultism:possessed_ghast, MONSTER
occultism:wild_hunt_skeleton, MONSTER
occultism:wild_hunt_wither_skeleton, MONSTER
occultism:otherworld_bird, CREATURE
occultism:greedy_familiar, CREATURE
occultism:bat_familiar, CREATURE
occultism:deer_familiar, CREATURE
occultism:cthulhu_familiar, CREATURE
occultism:devil_familiar, CREATURE
occultism:dragon_familiar, CREATURE
occultism:blacksmith_familiar, CREATURE
occultism:guardian_familiar, CREATURE
occultism:headless_familiar, CREATURE
occultism:chimera_familiar, CREATURE
occultism:goat_familiar, CREATURE
occultism:shub_niggurath_familiar, CREATURE
occultism:beholder_familiar, CREATURE
occultism:fairy_familiar, CREATURE
occultism:mummy_familiar, CREATURE
occultism:shub_niggurath_spawn, CREATURE
instrumentalmobs:cymbal_husk, MONSTER
instrumentalmobs:drum_zombie, MONSTER
instrumentalmobs:french_horn_creeper, MONSTER
instrumentalmobs:maraca_spider, MONSTER
instrumentalmobs:microphone_ghast, MONSTER
instrumentalmobs:tuba_enderman, MONSTER
instrumentalmobs:xylophone_skeleton, MONSTER
doggytalents:dog, CREATURE
alexsmobs:grizzly_bear, CREATURE
alexsmobs:roadrunner, CREATURE
alexsmobs:bone_serpent, MONSTER
alexsmobs:bone_serpent_part, MONSTER
alexsmobs:gazelle, CREATURE
alexsmobs:crocodile, WATER_CREATURE
alexsmobs:fly, AMBIENT
alexsmobs:hummingbird, CREATURE
alexsmobs:orca, WATER_CREATURE
alexsmobs:sunbird, CREATURE
alexsmobs:gorilla, CREATURE
alexsmobs:crimson_mosquito, MONSTER
alexsmobs:rattlesnake, CREATURE
alexsmobs:endergrade, CREATURE
alexsmobs:hammerhead_shark, WATER_CREATURE
alexsmobs:lobster, WATER_AMBIENT
alexsmobs:komodo_dragon, CREATURE
alexsmobs:capuchin_monkey, CREATURE
alexsmobs:centipede_head, CREATURE
alexsmobs:centipede_body, CREATURE
alexsmobs:centipede_tail, CREATURE
alexsmobs:warped_toad, CREATURE
alexsmobs:moose, CREATURE
alexsmobs:mimicube, MONSTER
alexsmobs:raccoon, CREATURE
alexsmobs:blobfish, WATER_AMBIENT
alexsmobs:seal, CREATURE
alexsmobs:cockroach, AMBIENT
alexsmobs:shoebill, CREATURE
alexsmobs:elephant, CREATURE
alexsmobs:soul_vulture, MONSTER
alexsmobs:snow_leopard, CREATURE
alexsmobs:spectre, CREATURE
alexsmobs:crow, CREATURE
alexsmobs:alligator_snapping_turtle, CREATURE
alexsmobs:mungus, CREATURE
alexsmobs:mantis_shrimp, WATER_CREATURE
alexsmobs:guster, MONSTER
alexsmobs:warped_mosco, MONSTER
alexsmobs:straddler, MONSTER
alexsmobs:stradpole, WATER_AMBIENT
alexsmobs:emu, CREATURE
alexsmobs:platypus, CREATURE
alexsmobs:dropbear, MONSTER
alexsmobs:tasmanian_devil, CREATURE
alexsmobs:kangaroo, CREATURE
alexsmobs:cachalot_whale, WATER_CREATURE
alexsmobs:leafcutter_ant, CREATURE
alexsmobs:enderiophage, CREATURE
alexsmobs:bald_eagle, CREATURE
alexsmobs:tiger, CREATURE
alexsmobs:tarantula_hawk, CREATURE
alexsmobs:void_worm, MONSTER
alexsmobs:void_worm_part, MONSTER
alexsmobs:frilled_shark, WATER_CREATURE
alexsmobs:mimic_octopus, WATER_CREATURE
alexsmobs:seagull, CREATURE
alexsmobs:froststalker, CREATURE
alexsmobs:tusklin, CREATURE
alexsmobs:laviathan, CREATURE
alexsmobs:cosmaw, CREATURE
alexsmobs:toucan, CREATURE
alexsmobs:maned_wolf, CREATURE
alexsmobs:anaconda, CREATURE
alexsmobs:anaconda_part, CREATURE
alexsmobs:anteater, CREATURE
alexsmobs:rocky_roller, MONSTER
alexsmobs:flutter, AMBIENT
alexsmobs:gelada_monkey, CREATURE
progressivebosses:wither_minion, MONSTER
beyond_earth:alien, CREATURE
beyond_earth:alien_zombie, MONSTER
beyond_earth:star_crawler, MONSTER
beyond_earth:pygro, MONSTER
beyond_earth:mogler, MONSTER
beyond_earth:martian_raptor, MONSTER
ars_nouveau:starbuncle, CREATURE
ars_nouveau:whirlisprig, CREATURE
ars_nouveau:wilden_hunter, MONSTER
ars_nouveau:summon_wolf, CREATURE
ars_nouveau:wilden_stalker, MONSTER
ars_nouveau:summon_horse, CREATURE
ars_nouveau:wilden_guardian, MONSTER
ars_nouveau:drygmy, CREATURE
ars_nouveau:wilden_boss, MONSTER
ars_nouveau:familiar_starbuncle, CREATURE
ars_nouveau:familiar_bookwyrm, CREATURE
ars_nouveau:familiar_jabberwog, CREATURE
ars_nouveau:familiar_wixie, CREATURE
ars_nouveau:familiar_whirlisprig, CREATURE
ars_nouveau:familiar_drygmy, CREATURE
ars_nouveau:cascading_weald_walker, CREATURE
ars_nouveau:blazing_weald_walker, CREATURE
ars_nouveau:vexing_weald_walker, CREATURE
ars_nouveau:flourishing_weald_walker, CREATURE
productivebees:dye_bee, CREATURE
productivebees:lumber_bee, CREATURE
productivebees:quarry_bee, CREATURE
productivebees:rancher_bee, CREATURE
productivebees:collector_bee, CREATURE
productivebees:hoarder_bee, CREATURE
productivebees:farmer_bee, CREATURE
productivebees:creeper_bee, CREATURE
productivebees:cupid_bee, CREATURE
productivebees:configurable_bee, CREATURE
productivebees:ashy_mining_bee, CREATURE
productivebees:blue_banded_bee, CREATURE
productivebees:green_carpenter_bee, CREATURE
productivebees:yellow_black_carpenter_bee, CREATURE
productivebees:chocolate_mining_bee, CREATURE
productivebees:digger_bee, CREATURE
productivebees:leafcutter_bee, CREATURE
productivebees:mason_bee, CREATURE
productivebees:neon_cuckoo_bee, CREATURE
productivebees:nomad_bee, CREATURE
productivebees:reed_bee, CREATURE
productivebees:resin_bee, CREATURE
productivebees:sweat_bee, CREATURE
productivebees:bumble_bee, CREATURE
voidscape:corrupted_pawn_phantom, MONSTER
voidscape:corrupted_pawn_boss, MONSTER
voidscape:null_servant, MONSTER
enchantwithmob:enchanter, MONSTER
armorplus:skeletal_king, MONSTER
armorplus:witherling, MONSTER
doom:imp, MONSTER
doom:nightmare_imp, MONSTER
doom:pinky, MONSTER
doom:spectre, MONSTER
doom:cacodemon, MONSTER
doom:archvile, MONSTER
doom:baron, MONSTER
doom:mancubus, MONSTER
doom:spidermastermind, MONSTER
doom:arachnotron, MONSTER
doom:zombieman, MONSTER
doom:revenant, MONSTER
doom:imp2016, MONSTER
doom:stone_imp, MONSTER
doom:chaingunner, MONSTER
doom:marauder, MONSTER
doom:shotgunguy, MONSTER
doom:painelemental, MONSTER
doom:hellknight, MONSTER
doom:hellknight2016, MONSTER
doom:dreadknight, MONSTER
doom:cyberdemon, MONSTER
doom:cyberdemon2016, MONSTER
doom:tyrant, MONSTER
doom:unwilling, MONSTER
doom:possessed_soldier, MONSTER
doom:gore_nest, MONSTER
doom:possessed_scientist, MONSTER
doom:possessed_worker, MONSTER
doom:cueball, MONSTER
doom:mechazombie, MONSTER
doom:prowler, MONSTER
doom:iconofsin, MONSTER
doom:gargoyle, MONSTER
doom:arachnotroneternal, MONSTER
doom:pinky2016, MONSTER
doom:archvileeternal, MONSTER
doom:doom_hunter, MONSTER
doom:whiplash, MONSTER
doom:baron2016, MONSTER
doom:firebronebaron, MONSTER
doom:armoredbaron, MONSTER
doom:maykr_drone, MONSTER
doom:spidermastermind2016, MONSTER
doom:blood_maykr, MONSTER
doom:motherdemon, MONSTER
doom:tentacle, MONSTER
doom:turret, MONSTER
doom:arch_maykr, MONSTER
doom:summoner, MONSTER
doom:revenant2016, MONSTER
doom:gladiator, MONSTER
mahoutsukai:fae, CREATURE
meetyourfight:bellringer, MONSTER
meetyourfight:dame_fortuna, MONSTER
meetyourfight:swampjaw, MONSTER
chococraft:chocobo, CREATURE
aquaculture:box_turtle, CREATURE
aquaculture:arrau_turtle, CREATURE
aquaculture:starshell_turtle, CREATURE
aquaculture:atlantic_cod, WATER_AMBIENT
aquaculture:blackfish, WATER_AMBIENT
aquaculture:pacific_halibut, WATER_AMBIENT
aquaculture:atlantic_halibut, WATER_AMBIENT
aquaculture:atlantic_herring, WATER_AMBIENT
aquaculture:pink_salmon, WATER_AMBIENT
aquaculture:pollock, WATER_AMBIENT
aquaculture:rainbow_trout, WATER_AMBIENT
aquaculture:bayad, WATER_AMBIENT
aquaculture:boulti, WATER_AMBIENT
aquaculture:capitaine, WATER_AMBIENT
aquaculture:synodontis, WATER_AMBIENT
aquaculture:smallmouth_bass, WATER_AMBIENT
aquaculture:bluegill, WATER_AMBIENT
aquaculture:brown_trout, WATER_AMBIENT
aquaculture:carp, WATER_AMBIENT
aquaculture:catfish, WATER_AMBIENT
aquaculture:gar, WATER_AMBIENT
aquaculture:minnow, WATER_AMBIENT
aquaculture:muskellunge, WATER_AMBIENT
aquaculture:perch, WATER_AMBIENT
aquaculture:arapaima, WATER_AMBIENT
aquaculture:piranha, WATER_AMBIENT
aquaculture:tambaqui, WATER_AMBIENT
aquaculture:brown_shrooma, WATER_AMBIENT
aquaculture:red_shrooma, WATER_AMBIENT
aquaculture:jellyfish, WATER_AMBIENT
aquaculture:red_grouper, WATER_AMBIENT
aquaculture:tuna, WATER_AMBIENT
waddles:adelie_penguin, CREATURE
quark:toretoise, CREATURE
quark:forgotten, MONSTER
quark:foxhound, CREATURE
quark:frog, CREATURE
quark:wraith, MONSTER
quark:crab, CREATURE
quark:shiba, CREATURE
quark:stoneling, CREATURE
minecolonies:citizen, CREATURE
minecolonies:visitor, CREATURE
minecolonies:pirate, MONSTER
minecolonies:archerpirate, MONSTER
minecolonies:chiefpirate, MONSTER
minecolonies:mercenary, CREATURE
minecolonies:archerbarbarian, MONSTER
minecolonies:barbarian, MONSTER
minecolonies:chiefbarbarian, MONSTER
minecolonies:mummy, MONSTER
minecolonies:archermummy, MONSTER
minecolonies:pharao, MONSTER
minecolonies:amazon, MONSTER
minecolonies:amazonchief, MONSTER
minecolonies:shieldmaiden, MONSTER
minecolonies:norsemenarcher, MONSTER
minecolonies:norsemenchief, MONSTER
hunterillager:hunterillager, MONSTER
valhelsia_structures:mossy_skeleton, MONSTER
